--- default_url ---
url_traces = http://localhost:4318/v1/traces
url_metrics = http://localhost:4318/v1/metrics
url_logs = http://localhost:4318/v1/logs
------

--- base_url_from_config ---
url_traces = http://localhost:3000/v1/traces
url_metrics = http://localhost:3000/v1/metrics
url_logs = http://localhost:3000/v1/logs
------

--- base_url_from_env ---
url_traces = http://localhost:5000/v1/traces
url_metrics = http://localhost:5000/v1/metrics
url_logs = http://localhost:5000/v1/logs
------

--- base_url_from_both_config_and_env ---
url_traces = http://localhost:5000/v1/traces
url_metrics = http://localhost:5000/v1/metrics
url_logs = http://localhost:5000/v1/logs
------

--- override_trace_url_from_config ---
url_traces = http://localhost:3001/send/traces
url_metrics = http://localhost:5000/v1/metrics
url_logs = http://localhost:5000/v1/logs
------

--- override_trace_url_from_env ---
url_traces = http://localhost:3001/send/traces
url_metrics = http://localhost:5000/v1/metrics
url_logs = http://localhost:5000/v1/logs
------

--- override_trace_url_from_both_config_and_env ---
url_traces = http://localhost:3001/send/traces
url_metrics = http://localhost:5000/v1/metrics
url_logs = http://localhost:5000/v1/logs
------

--- set_all_in_config ---
url_traces = http://localhost:3001/send/traces
url_metrics = http://localhost:3002/send/metrics
url_logs = http://localhost:3003/send/logs
------

--- set_all_in_env ---
url_traces = http://localhost:3001/send/traces
url_metrics = http://localhost:3002/send/metrics
url_logs = http://localhost:3003/send/logs
------

--- remove_trailing_slash_config ---
url_traces = http://localhost:3001/send/traces
url_metrics = http://localhost:3002/send/metrics
url_logs = http://localhost:3003/send/logs
------

--- remove_trailing_slash_env ---
url_traces = http://localhost:3001/send/traces
url_metrics = http://localhost:3002/send/metrics
url_logs = http://localhost:3003/send/logs
------

