Num.test_add:
Constraints: 2

Num.test_add_optimized:
Constraints: 1

Num.test_add:
Proof size: 1.68 KB
Proof hash: 9ffd9976ee8260af902546d1d7ff5410c2a59e014a9e0bddc26a74eb974f56e0
Prover_pp hash: 975accc6bd96bea473a873f439c821fef42e592564800487e26b3d3c66e6be62
Verifier_pp hash: 4050067296b1af2e7af46d590de54b3d90148be433557482c9b4e155d31790ee

Num.test_add:
Constraints: 2

Num.test_add_optimized:
Constraints: 1

Num.test_add:
Proof size: 1.68 KB
Proof hash: d798f9f58b0d3777c7bebe4e10b886caa95657fbd49a7a229bbf630eb57a4375
Prover_pp hash: 975accc6bd96bea473a873f439c821fef42e592564800487e26b3d3c66e6be62
Verifier_pp hash: 4050067296b1af2e7af46d590de54b3d90148be433557482c9b4e155d31790ee

Num.test_add_constant:
Constraints: 2

Num.test_add_constant_optimized:
Constraints: 1

Num.test_add_constant:
Proof size: 1.86 KB
Proof hash: 3d83edca54c06c0a8bd895d33090195056e6e904d7890c6f85e35d01fa5b8005
Prover_pp hash: 3b28794da3afd18e374db6616f37fe3bf11cb716042db4c63bd07c91fe72f02a
Verifier_pp hash: 16b90170ed1fcd2a1269bbdb654e2c99737021ccbe01399e2c4b3816502430bf

Num.test_add_constant:
Constraints: 2

Num.test_add_constant_optimized:
Constraints: 1

Num.test_add_constant:
Proof size: 1.80 KB
Proof hash: 8ecb60ee2ebe974015a70d570ae824ee5b0152eaa8c0875485a044c32c55d539
Prover_pp hash: d871fea6b6c126d7958221c003c0984098c00eab10690c92a027676ad0ad69b8
Verifier_pp hash: 2d52c3dc7e68c0f6420e10a5b3b2f642afae30e8a528822fc7cba5b25d821131

Num.test_sub:
Constraints: 2

Num.test_sub_optimized:
Constraints: 1

Num.test_sub:
Proof size: 1.68 KB
Proof hash: c457bbd6b2e7c159bc6763338a6fdb8cbb320b3668af69612b08774d90097b98
Prover_pp hash: b1d416f95ce9a423d64c733399393d78194c08daad92bbd70ec6aa514f37e442
Verifier_pp hash: e1b6d2b5523c1e7e7c6f495d5d29e026acd4465c673d427aec7e90213f9b8be8

Num.test_sub:
Constraints: 2

Num.test_sub_optimized:
Constraints: 1

Num.test_sub:
Proof size: 1.68 KB
Proof hash: 67b30eacb811d1ec1cff4ac766a0a14e927310b020169784e869f0f28d8f1245
Prover_pp hash: b1d416f95ce9a423d64c733399393d78194c08daad92bbd70ec6aa514f37e442
Verifier_pp hash: e1b6d2b5523c1e7e7c6f495d5d29e026acd4465c673d427aec7e90213f9b8be8

Num.test_mul:
Constraints: 2

Num.test_mul_optimized:
Constraints: 1

Num.test_mul:
Proof size: 1.67 KB
Proof hash: c9985d3f0c52917205e59a4f115aa694f69ba8c07b65f47aea8daedc2b724344
Prover_pp hash: 5f1f4ced3699371741d5b809837b0077d3efbaada4ad1d8396e687a205932011
Verifier_pp hash: c42e8f16a2ca006c983b2794097dd973859d96236fbd326d285708716fad0420

Num.test_mul:
Constraints: 2

Num.test_mul_optimized:
Constraints: 1

Num.test_mul:
Proof size: 1.67 KB
Proof hash: 90de377090f302ba94e1d4e394b9a6a84766374f5da0785ca60e634b84d0aca9
Prover_pp hash: 5f1f4ced3699371741d5b809837b0077d3efbaada4ad1d8396e687a205932011
Verifier_pp hash: c42e8f16a2ca006c983b2794097dd973859d96236fbd326d285708716fad0420

Num.test_mul:
Constraints: 2

Num.test_mul_optimized:
Constraints: 1

Num.test_mul:
Proof size: 1.67 KB
Proof hash: d491472075ed6e642715fa02dbd65c6c6f712beb8b0101bea6709a64f5d9ddac
Prover_pp hash: 5f1f4ced3699371741d5b809837b0077d3efbaada4ad1d8396e687a205932011
Verifier_pp hash: c42e8f16a2ca006c983b2794097dd973859d96236fbd326d285708716fad0420

Num.test_num:
Constraints: 6

Num.test_num_optimized:
Constraints: 5

Num.test_num:
Proof size: 1.77 KB
Proof hash: 925453837106c04914cb92ecfba2c457cb8b3fe9ac9db57eeca080b1a8f1d6f0
Prover_pp hash: ea287a5acde4078101cdc58eb36d7b21ea10e64cf949b8666d5e91812060b38e
Verifier_pp hash: 0eafaf57d4fef69b1d87d4fc983aee8085f4c96e4b3362556d7ada58af78eb24

Num.test_div:
Constraints: 3

Num.test_div_optimized:
Constraints: 2

Num.test_div:
Proof size: 1.72 KB
Proof hash: 835afefcb43e9cb518ae83f17d5ee0f2305022d18f56e4edc6e4fd7e4df06044
Prover_pp hash: cb284189a65bed59058b2953f187d6e4ed51c11dc61ea20bbde3fdf6ee9cf1b1
Verifier_pp hash: e5e64e778d24f8faf1631ca8c6da6c1344757bbd55b3e7da8d4540b46627335c

pow5:
Constraints: 2

pow5_optimized:
Constraints: 1

pow5:
Proof size: 1.51 KB
Proof hash: 74567320a4ad28f65d087d647612e88b5a38a0a5256c78b0735a35f6ac381015
Prover_pp hash: bc71fc1b98154a4bcf668f82959e4d825f1566d33050bfd1f67b0554037b974b
Verifier_pp hash: a369567da4826606173ea5ccc5321cc08dc7d24f209841d1704a71980f195954

test:
Constraints: 2

test_optimized:
Constraints: 1

test:
Proof size: 1.51 KB
Proof hash: 0d7392cb453194dfb7aabeb88d91e65c2f452592760db2c006f33b8e3bf08eea
Prover_pp hash: 3981db8a3201d6f14e9d4d78008b1b35a5835d77f4806c2d6ddd1aa659e93b28
Verifier_pp hash: 458900d13b8cd4f75f4751325334ffa3c120b67c7338a9982122ee99d1060052

test:
Constraints: 2

test_optimized:
Constraints: 1

test:
Proof size: 1.51 KB
Proof hash: cb02ed2b8e7ccf86b7beebd647d8b8813118f8197075d8d2e74f5126388a7edb
Prover_pp hash: 3981db8a3201d6f14e9d4d78008b1b35a5835d77f4806c2d6ddd1aa659e93b28
Verifier_pp hash: 458900d13b8cd4f75f4751325334ffa3c120b67c7338a9982122ee99d1060052

test:
Constraints: 2

test_optimized:
Constraints: 1

test:
Proof size: 1.51 KB
Proof hash: 71ae839aa4994fe8aa48079c06cc955620e36aca2f6d035c0b83d1b5ed1f94ce
Prover_pp hash: 3981db8a3201d6f14e9d4d78008b1b35a5835d77f4806c2d6ddd1aa659e93b28
Verifier_pp hash: 458900d13b8cd4f75f4751325334ffa3c120b67c7338a9982122ee99d1060052

pow:
Constraints: 6

pow_optimized:
Constraints: 4

pow:
Proof size: 1.62 KB
Proof hash: bba2e408a023f6a54d4f1f0c6f672a7716297aaf347e835071eccf545ccdd9b5
Prover_pp hash: b476e3a20227fce929e82deba59b62a53fefcc51c96c2c67d673ba0735cd0431
Verifier_pp hash: 0e380e8fe7658a77d03427fc833863a8feca0dee000bee024800f32e3973c2ad

pow:
Constraints: 6

pow_optimized:
Constraints: 4

pow:
Proof size: 1.62 KB
Proof hash: 19a302c77298d44d3b5a313a02a75bc0e72e330db338af10d3f1141d233c268e
Prover_pp hash: b476e3a20227fce929e82deba59b62a53fefcc51c96c2c67d673ba0735cd0431
Verifier_pp hash: 0e380e8fe7658a77d03427fc833863a8feca0dee000bee024800f32e3973c2ad

pow:
Constraints: 10

pow_optimized:
Constraints: 7

pow:
Proof size: 1.62 KB
Proof hash: 6b1f8ae627826f7ee882849ed5f386e397d861fb7222dc71572969b3d2b804ab
Prover_pp hash: 8749a474b8299dfa7e0a64066632ffbbe6033293cb2addadda336804158ffb94
Verifier_pp hash: 57198d3def3b890aeb47ca82eb08fad146c828575243115146776c07d0712d9a

pow:
Constraints: 10

pow_optimized:
Constraints: 7

pow:
Proof size: 1.62 KB
Proof hash: 8dceeb470b41fa6005eaa9f5de1ab4c5836e4d89d26021f30e535b9cdff2d7b7
Prover_pp hash: 8749a474b8299dfa7e0a64066632ffbbe6033293cb2addadda336804158ffb94
Verifier_pp hash: 57198d3def3b890aeb47ca82eb08fad146c828575243115146776c07d0712d9a

pow:
Constraints: 18

pow_optimized:
Constraints: 13

pow:
Proof size: 1.62 KB
Proof hash: 5a48868e00dc105fca5e57fd80bad328a19bbcb0c9ebee9bb04d46588a5929fb
Prover_pp hash: 103f25f5b2f89c2d616aa5d5f5b4de7ebdf0e4b8ac46b4a2ac7d9c51b271d41b
Verifier_pp hash: 57ec5931eee0452402b5e5745c00929b86face180ee5434e5752f479a476515a

pow:
Constraints: 26

pow_optimized:
Constraints: 19

pow:
Proof size: 1.62 KB
Proof hash: 43ec432aa10833e318758add8c675feddbb0e175683722373d4d898b78a3d3bf
Prover_pp hash: f52d4a3a80306d166815a47f33e32a69ea39fad22271c0c91f9c3bd40e7094b1
Verifier_pp hash: bf7eddf9f80c8c9a2d00ba69a632a764321d0a0cc0ca8ddb624b0655bf53870a

pow:
Constraints: 14

pow_optimized:
Constraints: 10

pow:
Proof size: 1.62 KB
Proof hash: 0cd851ad61f69c970493b4336d043ef157a1781b9e6f686dfece3f3e71d74d37
Prover_pp hash: da7e2945da0d9c6dbac90938152a046e0bc8a6425857223f86b720e5a16dfa6c
Verifier_pp hash: 95b2ad14cc45ebef206af7877cb968311b43a1612aca88c2e57d8c77f9b609d8

Num.test_equal:
Constraints: 1

Num.test_equal_optimized:
Constraints: 1

Num.test_equal:
Proof size: 1.67 KB
Proof hash: 9091a4b2ebde2e4a6db1550b2c8cd0642cbf4ec445b4ab20f8c129e212f98619
Prover_pp hash: 689c028a8fca463c740c5e0b0661106d9f5e3bb948b4015ca83e6e922aeaa35e
Verifier_pp hash: e531ab6469069aeecfbee5011a4599aac6e6b541af06d9f4af1e8abecfca021f

Num.bits_of_scalar:
Constraints: 15

Num.bits_of_scalar_optimized:
Constraints: 6

Num.bits_of_scalar:
Proof size: 2.35 KB
Proof hash: c46954b434ab6826367a10dfcd8865ddb77c54c4de6dac412e7a153e960a6aec
Prover_pp hash: ae9fceacabc844917150cc46ac42a163fa05eef30d0df0d811368f28a147a07e
Verifier_pp hash: cfc7bde28b2d865c63343af9e5ed27992b67f8928ea93be9dc952f4d67cbac8c

Num.bits_of_scalar:
Constraints: 15

Num.bits_of_scalar_optimized:
Constraints: 6

Num.bits_of_scalar:
Proof size: 2.35 KB
Proof hash: 71b8bc42d23bd09183bf499452173afaa5ce55eae333bbc5df0c54dd89fe98d9
Prover_pp hash: 1f64b55ab6355f2142926fa0799a3d5bb001c7a3f8f28c031c49e6f109ed1fba
Verifier_pp hash: 9e8599d7f33fe94d163ad0f2b98a05cdeaf6287ce35551dba5a7f3b789357642

Num.is_upper_bounded:
Constraints: 8

Num.is_upper_bounded_optimized:
Constraints: 4

Num.is_upper_bounded:
Proof size: 2.01 KB
Proof hash: 4aece90ee0b4136b7caf6ed3aa4b3ea87906c3dc56576b7067e89cafbc67b997
Prover_pp hash: 12f3a9d311d95ffea35e624490d9ed6d12917c275f4bf1aa17b73b0a555ffe36
Verifier_pp hash: 9a0a9d238158dc61679aff7f3775c9e412e943d16933e65e3d56c42b46ab7542

Num.is_upper_bounded:
Constraints: 14

Num.is_upper_bounded_optimized:
Constraints: 8

Num.is_upper_bounded:
Proof size: 2.06 KB
Proof hash: 8c4fc5781a2e93542c2ae9050a8acfeb5c802865a77515a5f2736f24812acfde
Prover_pp hash: 471c9c37660458bb2b36a7380cd4044946f11b5118760523a53dfd0b7a352198
Verifier_pp hash: 6b7f070050eaf77349606947d3d5e2ab638fbac13378e0fb40cbc11d8968a180

Num.is_upper_bounded:
Constraints: 26

Num.is_upper_bounded_optimized:
Constraints: 12

Num.is_upper_bounded:
Proof size: 2.58 KB
Proof hash: 4ad3a72bd155d736dd22cebd55f3885606d17b1b76905e867f0337ee60439e6f
Prover_pp hash: d13df69efd7758d2851aa5ba3039d3ad577cd9333302a3e5828d1aace0bb5bd0
Verifier_pp hash: 992a0c2f36090ca89574ff649b5613ccd2133a70b8bcff15e66be509f98f3ea6

Num.is_upper_bounded:
Constraints: 738

Num.is_upper_bounded_optimized:
Constraints: 318

Num.is_upper_bounded:
Proof size: 2.70 KB
Proof hash: f56e45b5fe147176f7644d72fd3d0f194ac223ef9347ebe1796f10f6385f3c5b
Prover_pp hash: ae404215c35d521023ac3e204c9f505f58b20bf2d403337cb83cd2b8bb52f6ca
Verifier_pp hash: 263277375cc9ed95052538f886622f1eb41c9ce99552a86ace0a40dea8131380

Num.is_upper_bounded:
Constraints: 8

Num.is_upper_bounded_optimized:
Constraints: 4

Num.is_upper_bounded:
Proof size: 2.01 KB
Proof hash: 4aece90ee0b4136b7caf6ed3aa4b3ea87906c3dc56576b7067e89cafbc67b997
Prover_pp hash: 12f3a9d311d95ffea35e624490d9ed6d12917c275f4bf1aa17b73b0a555ffe36
Verifier_pp hash: 9a0a9d238158dc61679aff7f3775c9e412e943d16933e65e3d56c42b46ab7542

Num.is_upper_bounded:
Constraints: 735

Num.is_upper_bounded_optimized:
Constraints: 315

Num.is_upper_bounded:
Proof size: 2.70 KB
Proof hash: 775e5da68dae903359670f9021be2ea0a09eddd9d944b09862bff31f9631d292
Prover_pp hash: 6842e13aa6cdf51a0c69c259051bd52914518c08e9d6ce18113780b3426b45cc
Verifier_pp hash: 5ddc48a8cee9b1886a75063359fa916acdce78abec7e458a84d029bef2abb80c

Num.is_upper_bounded:
Constraints: 765

Num.is_upper_bounded_optimized:
Constraints: 319

Num.is_upper_bounded:
Proof size: 2.70 KB
Proof hash: 1ed570414588c4b659df44a938dfb9a771feb32424fb9a59d80fa1f0965f20cd
Prover_pp hash: 72e4f4b24a8897b174a4732a8537aa5ef418ad6fd89a413cda6a26984ab2a97d
Verifier_pp hash: 77cd0332ac3d3eb40631ae49fd2be497b0303b83548a39a20896c58a7c36125c

Num.is_upper_bounded:
Constraints: 765

Num.is_upper_bounded_optimized:
Constraints: 319

Num.is_upper_bounded:
Proof size: 2.70 KB
Proof hash: 5db46f8a96cd114c51b1d7d01e80f23adc073abcc5df7552b968b1903b3da0d8
Prover_pp hash: 3d8012b7a72334f3969c47982b1f3bcc96d34bc59a0ae40c33c55d357791c518
Verifier_pp hash: 1c1dd75d09bf3500fae3f82076af12beba0a8e9552d2c1cf5048851788e7a8a4

Num.is_upper_bounded:
Constraints: 767

Num.is_upper_bounded_optimized:
Constraints: 319

Num.is_upper_bounded:
Proof size: 2.70 KB
Proof hash: 6f2e8d9773c96cba885b1701c6b539f33774bdeed1d9fd20380597f168318dd2
Prover_pp hash: d841b88c546a6a5fb09e2fd59d18d942b9602cb77d13e2189cd1f327e68c24e2
Verifier_pp hash: e41ebbb85b573fcc74e4658e7381b4a837e64ede5df0c3f0264db1974d1c47b9

Num.is_upper_bounded:
Constraints: 735

Num.is_upper_bounded_optimized:
Constraints: 315

Num.is_upper_bounded:
Proof size: 2.70 KB
Proof hash: 775e5da68dae903359670f9021be2ea0a09eddd9d944b09862bff31f9631d292
Prover_pp hash: 6842e13aa6cdf51a0c69c259051bd52914518c08e9d6ce18113780b3426b45cc
Verifier_pp hash: 5ddc48a8cee9b1886a75063359fa916acdce78abec7e458a84d029bef2abb80c

Num.is_upper_bounded_totality:
Constraints: 764

Num.is_upper_bounded_totality_optimized:
Constraints: 318

Num.is_upper_bounded_totality:
Proof size: 3.01 KB
Proof hash: c110fd9d6e7b97469f9b5262815167b13a6be97aeec6bfd8a59a9d8c433ce43a
Prover_pp hash: 1944adea64466b282ae3f45f56d59a2046576f09086bc69d2c7fd1f986dd4d05
Verifier_pp hash: 8b66106ff0ef542abcab35fc1c743f50bb07983873257f8a930d7469e5c22fd3

Num.is_upper_bounded_totality:
Constraints: 734

Num.is_upper_bounded_totality_optimized:
Constraints: 314

Num.is_upper_bounded_totality:
Proof size: 3.01 KB
Proof hash: 156c9a38bf67714ec49ab764d12ada94be7dc65b41e218bf33626bf4c980b0a6
Prover_pp hash: 8342882298b7248e68ad1a841b4dc1c7a3211230e695c6b9423f785690d58609
Verifier_pp hash: a4b3b1b15f7887a5bd36b12094a4dfddcb9849c560764462d5f15f72559a91b4

Num.is_upper_bounded_totality:
Constraints: 766

Num.is_upper_bounded_totality_optimized:
Constraints: 318

Num.is_upper_bounded_totality:
Proof size: 3.01 KB
Proof hash: 32c704bf42c81bb304bad010abdf7c1b96ecd4f888df7135f2f9256ac143cb5d
Prover_pp hash: 03278afa5da3b848c0aa00c80d80a6646534dafeb992d98b045227bed6e92c7b
Verifier_pp hash: d5062824aa1c97a6385d5a68672993095da8b149ac0842b40023d0413cc70388

Num.geq:
Constraints: 25

Num.geq_optimized:
Constraints: 11

Num.geq:
Proof size: 2.24 KB
Proof hash: 2ca1715ca32c120b79cdba9709c134c568055acff7db25483623b46c3bd6b57d
Prover_pp hash: 0d7dabd4c3bb69609180acbcfa090a89ce71713fa9d7e0e018e4a58af462e3c8
Verifier_pp hash: f05c350e9ac2188cf04646844f9c8c33c06a57a615ecf20ff82034bb939d3e06

Num.geq:
Constraints: 22

Num.geq_optimized:
Constraints: 9

Num.geq:
Proof size: 2.19 KB
Proof hash: 9d585727dd01df2d548f690c22bbf6e5c06745f329ae408555f5a1c0734e24bf
Prover_pp hash: 870c58b1f09992aaaf89aa84c0e70a5a176cb42cc06d1e2c727c4bc6f0f57c64
Verifier_pp hash: 6c155df2341e73e87109e506af121aa811c950aaa9601d84c86f24e3148a6c7e

Num.test_add:
Constraints: 2

Num.test_add_optimized:
Constraints: 1

Num.test_add:
Constraints: 2

Num.test_add_optimized:
Constraints: 1

Num.test_add_constant:
Constraints: 2

Num.test_add_constant_optimized:
Constraints: 1

Num.test_add_constant:
Constraints: 2

Num.test_add_constant_optimized:
Constraints: 1

Num.test_sub:
Constraints: 2

Num.test_sub_optimized:
Constraints: 1

Num.test_sub:
Constraints: 2

Num.test_sub_optimized:
Constraints: 1

Num.test_mul:
Constraints: 2

Num.test_mul_optimized:
Constraints: 1

Num.test_mul:
Constraints: 2

Num.test_mul_optimized:
Constraints: 1

Num.test_mul:
Constraints: 2

Num.test_mul_optimized:
Constraints: 1

Num.test_num:
Constraints: 6

Num.test_num_optimized:
Constraints: 5

Num.test_div:
Constraints: 3

Num.test_div_optimized:
Constraints: 2

pow5:
Constraints: 2

pow5_optimized:
Constraints: 1

test:
Constraints: 2

test_optimized:
Constraints: 1

test:
Constraints: 2

test_optimized:
Constraints: 1

test:
Constraints: 2

test_optimized:
Constraints: 1

pow:
Constraints: 6

pow_optimized:
Constraints: 4

pow:
Constraints: 6

pow_optimized:
Constraints: 4

pow:
Constraints: 10

pow_optimized:
Constraints: 7

pow:
Constraints: 10

pow_optimized:
Constraints: 7

pow:
Constraints: 18

pow_optimized:
Constraints: 13

pow:
Constraints: 26

pow_optimized:
Constraints: 19

pow:
Constraints: 14

pow_optimized:
Constraints: 10

Num.test_equal:
Constraints: 1

Num.test_equal_optimized:
Constraints: 1

Num.bits_of_scalar:
Constraints: 15

Num.bits_of_scalar_optimized:
Constraints: 6

Num.bits_of_scalar:
Constraints: 15

Num.bits_of_scalar_optimized:
Constraints: 6

Num.is_upper_bounded:
Constraints: 8

Num.is_upper_bounded_optimized:
Constraints: 4

Num.is_upper_bounded:
Constraints: 14

Num.is_upper_bounded_optimized:
Constraints: 8

Num.is_upper_bounded:
Constraints: 26

Num.is_upper_bounded_optimized:
Constraints: 12

Num.is_upper_bounded:
Constraints: 738

Num.is_upper_bounded_optimized:
Constraints: 318

Num.is_upper_bounded:
Constraints: 8

Num.is_upper_bounded_optimized:
Constraints: 4

Num.is_upper_bounded:
Constraints: 735

Num.is_upper_bounded_optimized:
Constraints: 315

Num.is_upper_bounded:
Constraints: 765

Num.is_upper_bounded_optimized:
Constraints: 319

Num.is_upper_bounded:
Constraints: 765

Num.is_upper_bounded_optimized:
Constraints: 319

Num.is_upper_bounded:
Constraints: 767

Num.is_upper_bounded_optimized:
Constraints: 319

Num.is_upper_bounded:
Constraints: 735

Num.is_upper_bounded_optimized:
Constraints: 315

Num.is_upper_bounded_totality:
Constraints: 764

Num.is_upper_bounded_totality_optimized:
Constraints: 318

Num.is_upper_bounded_totality:
Constraints: 734

Num.is_upper_bounded_totality_optimized:
Constraints: 314

Num.is_upper_bounded_totality:
Constraints: 766

Num.is_upper_bounded_totality_optimized:
Constraints: 318

Num.geq:
Constraints: 25

Num.geq_optimized:
Constraints: 11

Num.geq:
Constraints: 22

Num.geq_optimized:
Constraints: 9

Bool.test_assert_true_and_false:
Constraints: 2

Bool.test_assert_true_and_false_optimized:
Constraints: 1

Bool.test_assert_true_and_false:
Constraints: 2

Bool.test_assert_true_and_false_optimized:
Constraints: 1

Bool.test_equal:
Constraints: 3

Bool.test_equal_optimized:
Constraints: 2

Bool.test_is_zero:
Constraints: 4

Bool.test_is_zero_optimized:
Constraints: 3

Bool.test_is_not_zero:
Constraints: 4

Bool.test_is_not_zero_optimized:
Constraints: 3

Bool.test_assert_bool:
Constraints: 1

Bool.test_assert_bool_optimized:
Constraints: 1

Bool.test_assert_bool:
Constraints: 1

Bool.test_assert_bool_optimized:
Constraints: 1

Bool.test_band:
Constraints: 5

Bool.test_band_optimized:
Constraints: 3

Bool.test_band:
Constraints: 5

Bool.test_band_optimized:
Constraints: 3

Bool.test_band:
Constraints: 5

Bool.test_band_optimized:
Constraints: 3

Bool.test_band:
Constraints: 5

Bool.test_band_optimized:
Constraints: 3

Bool.test_xor:
Constraints: 5

Bool.test_xor_optimized:
Constraints: 3

Bool.test_xor:
Constraints: 5

Bool.test_xor_optimized:
Constraints: 3

Bool.test_xor:
Constraints: 5

Bool.test_xor_optimized:
Constraints: 3

Bool.test_xor:
Constraints: 5

Bool.test_xor_optimized:
Constraints: 3

Bool.test_bor:
Constraints: 5

Bool.test_bor_optimized:
Constraints: 3

Bool.test_bor:
Constraints: 5

Bool.test_bor_optimized:
Constraints: 3

Bool.test_bor:
Constraints: 5

Bool.test_bor_optimized:
Constraints: 3

Bool.test_bor:
Constraints: 5

Bool.test_bor_optimized:
Constraints: 3

Bool.test_bnot:
Constraints: 4

Bool.test_bnot_optimized:
Constraints: 2

Bool.test_bnot:
Constraints: 4

Bool.test_bnot_optimized:
Constraints: 2

Bool.test_ifthenelse:
Constraints: 3

Bool.test_ifthenelse_optimized:
Constraints: 1

Bool.test_ifthenelse:
Constraints: 3

Bool.test_ifthenelse_optimized:
Constraints: 1

Bool.test_ifthenelse:
Constraints: 6

Bool.test_ifthenelse_optimized:
Constraints: 4

Bool.test_ifthenelse:
Constraints: 6

Bool.test_ifthenelse_optimized:
Constraints: 4

Bool.test_ifthenelse:
Constraints: 5

Bool.test_ifthenelse_optimized:
Constraints: 2

Bool.test_ifthenelse:
Constraints: 5

Bool.test_ifthenelse_optimized:
Constraints: 2

Bool.test_ifthenelse:
Constraints: 5

Bool.test_ifthenelse_optimized:
Constraints: 2

Bool.test_ifthenelse:
Constraints: 5

Bool.test_ifthenelse_optimized:
Constraints: 2

Bool.test_swap:
Constraints: 4

Bool.test_swap_optimized:
Constraints: 1

Bool.test_swap:
Constraints: 4

Bool.test_swap_optimized:
Constraints: 1

Bool.test_swap:
Constraints: 8

Bool.test_swap_optimized:
Constraints: 5

Bool.test_swap:
Constraints: 8

Bool.test_swap_optimized:
Constraints: 5

Bool.test_swap:
Constraints: 7

Bool.test_swap_optimized:
Constraints: 2

Bool.test_swap:
Constraints: 7

Bool.test_swap_optimized:
Constraints: 2

Bool.test_swap:
Constraints: 7

Bool.test_swap_optimized:
Constraints: 2

Bool.test_swap:
Constraints: 7

Bool.test_swap_optimized:
Constraints: 2

Bool.test_full_adder:
Constraints: 12

Bool.test_full_adder_optimized:
Constraints: 9

Bool.test_full_adder:
Constraints: 12

Bool.test_full_adder_optimized:
Constraints: 9

Bool.test_full_adder:
Constraints: 12

Bool.test_full_adder_optimized:
Constraints: 9

Bool.test_full_adder:
Constraints: 12

Bool.test_full_adder_optimized:
Constraints: 9

Bool.test_full_adder:
Constraints: 12

Bool.test_full_adder_optimized:
Constraints: 9

Bool.test_full_adder:
Constraints: 12

Bool.test_full_adder_optimized:
Constraints: 9

Bool.test_full_adder:
Constraints: 12

Bool.test_full_adder_optimized:
Constraints: 9

Bool.test_full_adder:
Constraints: 12

Bool.test_full_adder_optimized:
Constraints: 9

List.test_add_list:
Constraints: 5

List.test_add_list_optimized:
Constraints: 1

List.test_add_list:
Constraints: 6

List.test_add_list_optimized:
Constraints: 2

List.test_equal:
Constraints: 2

List.test_equal_optimized:
Constraints: 2

List.test_hd:
Constraints: 1

List.test_hd_optimized:
Constraints: 1

List.test_mul_list:
Constraints: 4

List.test_mul_list_optimized:
Constraints: 3

List.test_mul_list:
Constraints: 5

List.test_mul_list_optimized:
Constraints: 4

Rest.test_full_adder:
Constraints: 12

Rest.test_full_adder_optimized:
Constraints: 9

Rest.test_full_adder:
Constraints: 12

Rest.test_full_adder_optimized:
Constraints: 9

Rest.test_full_adder:
Constraints: 12

Rest.test_full_adder_optimized:
Constraints: 9

Rest.test_full_adder:
Constraints: 12

Rest.test_full_adder_optimized:
Constraints: 9

Rest.test_full_adder:
Constraints: 12

Rest.test_full_adder_optimized:
Constraints: 9

Rest.test_full_adder:
Constraints: 12

Rest.test_full_adder_optimized:
Constraints: 9

Rest.test_full_adder:
Constraints: 12

Rest.test_full_adder_optimized:
Constraints: 9

Rest.test_full_adder:
Constraints: 12

Rest.test_full_adder_optimized:
Constraints: 9

Rest.test_scalar_of_bytes:
Constraints: 82

Rest.test_scalar_of_bytes_optimized:
Constraints: 44

Tuple.test_equal:
Constraints: 2

Tuple.test_equal_optimized:
Constraints: 2

Tuple.test_point:
Constraints: 4

Tuple.test_point_optimized:
Constraints: 2

ECC.test_weierstrass_add:
Constraints: 12

ECC.test_weierstrass_add_optimized:
Constraints: 11

ECC.test_edwards_add:
Constraints: 12

ECC.test_edwards_add_optimized:
Constraints: 11

Bytes.test_add:
Constraints: 69

Bytes.test_add_optimized:
Constraints: 53

Bytes.test_xor:
Constraints: 40

Bytes.test_xor_optimized:
Constraints: 24

Bytes.blake:
Constraints: 160

Bytes.blake_optimized:
Constraints: 96

Bytes.test_ifthenelse:
Constraints: 41

Bytes.test_ifthenelse_optimized:
Constraints: 32

Bytes.test_ifthenelse:
Constraints: 41

Bytes.test_ifthenelse_optimized:
Constraints: 32

Bytes.test_rotate_right:
Constraints: 24

Bytes.test_rotate_right_optimized:
Constraints: 16

Bytes.test_rotate_right:
Constraints: 24

Bytes.test_rotate_right_optimized:
Constraints: 16

Bytes.test_rotate_right:
Constraints: 24

Bytes.test_rotate_right_optimized:
Constraints: 16

Bytes.test_rotate_right:
Constraints: 24

Bytes.test_rotate_right_optimized:
Constraints: 16

Bytes.test_rotate_right:
Constraints: 24

Bytes.test_rotate_right_optimized:
Constraints: 16

Bytes.test_rotate_right:
Constraints: 24

Bytes.test_rotate_right_optimized:
Constraints: 16

Bytes.test_rotate_right:
Constraints: 24

Bytes.test_rotate_right_optimized:
Constraints: 16

Bytes.test_rotate_right:
Constraints: 24

Bytes.test_rotate_right_optimized:
Constraints: 16

Bytes.test_rotate_right:
Constraints: 24

Bytes.test_rotate_right_optimized:
Constraints: 16

Bytes.test_rotate_right:
Constraints: 48

Bytes.test_rotate_right_optimized:
Constraints: 32

Bytes.test_rotate_right:
Constraints: 48

Bytes.test_rotate_right_optimized:
Constraints: 32

Bytes.test_rotate_right:
Constraints: 48

Bytes.test_rotate_right_optimized:
Constraints: 32

Bytes.test_rotate_right:
Constraints: 48

Bytes.test_rotate_right_optimized:
Constraints: 32

Bytes.test_rotate_right:
Constraints: 48

Bytes.test_rotate_right_optimized:
Constraints: 32

Bytes.test_rotate_right:
Constraints: 48

Bytes.test_rotate_right_optimized:
Constraints: 32

Bytes.test_rotate_right:
Constraints: 48

Bytes.test_rotate_right_optimized:
Constraints: 32

Bytes.test_rotate_right:
Constraints: 48

Bytes.test_rotate_right_optimized:
Constraints: 32

Bytes.test_rotate_right:
Constraints: 48

Bytes.test_rotate_right_optimized:
Constraints: 32

Bytes.test_rotate_right:
Constraints: 48

Bytes.test_rotate_right_optimized:
Constraints: 32

Bytes.test_rotate_right:
Constraints: 48

Bytes.test_rotate_right_optimized:
Constraints: 32

Bytes.test_rotate_right:
Constraints: 72

Bytes.test_rotate_right_optimized:
Constraints: 48

Bytes.test_rotate_right:
Constraints: 72

Bytes.test_rotate_right_optimized:
Constraints: 48

Bytes.test_rotate_right:
Constraints: 72

Bytes.test_rotate_right_optimized:
Constraints: 48

Bytes.test_rotate_right:
Constraints: 72

Bytes.test_rotate_right_optimized:
Constraints: 48

Bytes.test_rotate_right:
Constraints: 72

Bytes.test_rotate_right_optimized:
Constraints: 48

Bytes.test_rotate_right:
Constraints: 72

Bytes.test_rotate_right_optimized:
Constraints: 48

Bytes.test_rotate_right:
Constraints: 72

Bytes.test_rotate_right_optimized:
Constraints: 48

Bytes.test_rotate_right:
Constraints: 72

Bytes.test_rotate_right_optimized:
Constraints: 48

Bytes.test_rotate_right:
Constraints: 72

Bytes.test_rotate_right_optimized:
Constraints: 48

Bytes.test_rotate_right:
Constraints: 72

Bytes.test_rotate_right_optimized:
Constraints: 48

Blake.test_mixing:
Constraints: 2638

Blake.test_mixing_optimized:
Constraints: 1998

Blake.test_compression:
Constraints: 87808

Blake.test_compression_optimized:
Constraints: 87264

Blake.test_blake2s:
Constraints: 174377

Blake.test_blake2s_optimized:
Constraints: 174089

Poseidon.test_poseidon:
Constraints: 273

Poseidon.test_poseidon_optimized:
Constraints: 118

Poseidon.test_poseidon:
Constraints: 804

Poseidon.test_poseidon_optimized:
Constraints: 340

Poseidon.test_poseidon.fixed_length:
Constraints: 273

Poseidon.test_poseidon.fixed_length_optimized:
Constraints: 118

Poseidon.test_poseidon.fixed_length:
Constraints: 539

Poseidon.test_poseidon.fixed_length_optimized:
Constraints: 229

Poseidon.test_poseidon:
Constraints: 975

Poseidon.test_poseidon_optimized:
Constraints: 298

Poseidon.test_poseidon:
Constraints: 1991

Poseidon.test_poseidon_optimized:
Constraints: 603

Poseidon.test_poseidon.fixed_length:
Constraints: 975

Poseidon.test_poseidon.fixed_length_optimized:
Constraints: 298

Poseidon.test_poseidon.fixed_length:
Constraints: 991

Poseidon.test_poseidon.fixed_length_optimized:
Constraints: 304

Poseidon.test_poseidon:
Constraints: 611

Poseidon.test_poseidon_optimized:
Constraints: 190

Poseidon.test_poseidon:
Constraints: 1818

Poseidon.test_poseidon_optimized:
Constraints: 556

Poseidon.test_poseidon.fixed_length:
Constraints: 611

Poseidon.test_poseidon.fixed_length_optimized:
Constraints: 190

Poseidon.test_poseidon.fixed_length:
Constraints: 1215

Poseidon.test_poseidon.fixed_length_optimized:
Constraints: 373

Anemoi.test_round.valid:
Constraints: 20

Anemoi.test_round.valid_optimized:
Constraints: 18

Anemoi.test_round.valid:
Constraints: 20

Anemoi.test_round.valid_optimized:
Constraints: 18

Anemoi.test_compress.valid:
Constraints: 90

Anemoi.test_compress.valid_optimized:
Constraints: 85

Anemoi.test_compress.valid:
Constraints: 90

Anemoi.test_compress.valid_optimized:
Constraints: 85

Anemoi.test_double_round.valid:
Constraints: 21

Anemoi.test_double_round.valid_optimized:
Constraints: 19

Anemoi.test_double_round.valid:
Constraints: 21

Anemoi.test_double_round.valid_optimized:
Constraints: 19

Anemoi.test_compress_two.valid:
Constraints: 63

Anemoi.test_compress_two.valid_optimized:
Constraints: 58

Anemoi.test_compress_two.valid:
Constraints: 63

Anemoi.test_compress_two.valid_optimized:
Constraints: 58

Anemoi.test_compress.valid:
Constraints: 32

Anemoi.test_compress.valid_optimized:
Constraints: 17

Anemoi.test_compress.valid:
Constraints: 78

Anemoi.test_compress.valid_optimized:
Constraints: 39

Enum.test_switch:
Constraints: 16

Enum.test_switch_optimized:
Constraints: 12

Enum.test_switch:
Constraints: 16

Enum.test_switch_optimized:
Constraints: 12

Enum.test_switch:
Constraints: 16

Enum.test_switch_optimized:
Constraints: 12

Enum.test_switch:
Constraints: 16

Enum.test_switch_optimized:
Constraints: 12

Enum.test_switch:
Constraints: 16

Enum.test_switch_optimized:
Constraints: 12

Schnorr.test_circuit_verify:
Constraints: 2381

Schnorr.test_circuit_verify_optimized:
Constraints: 881

Merkle.test_merkle_pos:
Constraints: 1945

Merkle.test_merkle_pos_optimized:
Constraints: 593

Merkle.test_merkle_pos:
Constraints: 1945

Merkle.test_merkle_pos_optimized:
Constraints: 593

Merkle.test_merkle_pos:
Constraints: 1945

Merkle.test_merkle_pos_optimized:
Constraints: 593

Merkle.test_merkle_pos:
Constraints: 1945

Merkle.test_merkle_pos_optimized:
Constraints: 593

MerkleNarity.test_merkle_pos:
Constraints: 5030

MerkleNarity.test_merkle_pos_optimized:
Constraints: 1604

Edwards.test_add:
Constraints: 4

Edwards.test_add_optimized:
Constraints: 2

Edwards.test_add:
Constraints: 4

Edwards.test_add_optimized:
Constraints: 2

Edwards.test_add:
Constraints: 4

Edwards.test_add_optimized:
Constraints: 2

Edwards.test_add:
Constraints: 4

Edwards.test_add_optimized:
Constraints: 2

Edwards.test_add:
Constraints: 4

Edwards.test_add_optimized:
Constraints: 2

Edwards.test_add:
Constraints: 4

Edwards.test_add_optimized:
Constraints: 2

Edwards.test_add:
Constraints: 4

Edwards.test_add_optimized:
Constraints: 2

Edwards.test_add:
Constraints: 4

Edwards.test_add_optimized:
Constraints: 2

Edwards.test_add:
Constraints: 4

Edwards.test_add_optimized:
Constraints: 2

Edwards.test_add:
Constraints: 4

Edwards.test_add_optimized:
Constraints: 2

Edwards.test_cond_add:
Constraints: 5

Edwards.test_cond_add_optimized:
Constraints: 2

Edwards.test_cond_add:
Constraints: 5

Edwards.test_cond_add_optimized:
Constraints: 2

Edwards.test_cond_add:
Constraints: 5

Edwards.test_cond_add_optimized:
Constraints: 2

Edwards.test_cond_add:
Constraints: 5

Edwards.test_cond_add_optimized:
Constraints: 2

Edwards.test_cond_add:
Constraints: 5

Edwards.test_cond_add_optimized:
Constraints: 2

Edwards.test_cond_add:
Constraints: 5

Edwards.test_cond_add_optimized:
Constraints: 2

Edwards.test_cond_add:
Constraints: 5

Edwards.test_cond_add_optimized:
Constraints: 2

Edwards.test_scalar_mul:
Constraints: 6

Edwards.test_scalar_mul_optimized:
Constraints: 2

Edwards.test_scalar_mul:
Constraints: 6

Edwards.test_scalar_mul_optimized:
Constraints: 2

Edwards.test_scalar_mul:
Constraints: 11

Edwards.test_scalar_mul_optimized:
Constraints: 5

Edwards.test_scalar_mul:
Constraints: 1271

Edwards.test_scalar_mul_optimized:
Constraints: 509

Edwards.test_scalar_mul:
Constraints: 1271

Edwards.test_scalar_mul_optimized:
Constraints: 509

Edwards.test_scalar_mul:
Constraints: 1271

Edwards.test_scalar_mul_optimized:
Constraints: 509

Edwards.test_scalar_mul:
Constraints: 1271

Edwards.test_scalar_mul_optimized:
Constraints: 509

Edwards.test_scalar_mul:
Constraints: 1271

Edwards.test_scalar_mul_optimized:
Constraints: 509

Edwards.test_scalar_mul:
Constraints: 1271

Edwards.test_scalar_mul_optimized:
Constraints: 509

Edwards.test_scalar_mul:
Constraints: 1271

Edwards.test_scalar_mul_optimized:
Constraints: 509

Edwards.test_is_on_curve:
Constraints: 7

Edwards.test_is_on_curve_optimized:
Constraints: 6

Edwards.test_is_on_curve:
Constraints: 7

Edwards.test_is_on_curve_optimized:
Constraints: 6

Edwards.test_is_on_curve:
Constraints: 7

Edwards.test_is_on_curve_optimized:
Constraints: 6

Edwards.test_is_on_curve:
Constraints: 7

Edwards.test_is_on_curve_optimized:
Constraints: 6

Edwards.test_is_on_curve:
Constraints: 7

Edwards.test_is_on_curve_optimized:
Constraints: 6

Edwards.test_is_on_curve:
Constraints: 7

Edwards.test_is_on_curve_optimized:
Constraints: 6

Edwards.test_is_on_curve:
Constraints: 7

Edwards.test_is_on_curve_optimized:
Constraints: 6

Edwards.test_is_on_curve:
Constraints: 7

Edwards.test_is_on_curve_optimized:
Constraints: 6

Edwards.test_is_on_curve:
Constraints: 7

Edwards.test_is_on_curve_optimized:
Constraints: 6

Edwards.test_is_on_curve:
Constraints: 7

Edwards.test_is_on_curve_optimized:
Constraints: 6

Edwards.test_is_on_curve:
Constraints: 7

Edwards.test_is_on_curve_optimized:
Constraints: 6

Edwards.test_is_on_curve:
Constraints: 7

Edwards.test_is_on_curve_optimized:
Constraints: 6

Edwards.test_is_on_curve:
Constraints: 7

Edwards.test_is_on_curve_optimized:
Constraints: 6

Edwards.test_is_on_curve:
Constraints: 7

Edwards.test_is_on_curve_optimized:
Constraints: 6

Edwards.test_is_on_curve:
Constraints: 7

Edwards.test_is_on_curve_optimized:
Constraints: 6

Edwards.test_is_on_curve:
Constraints: 7

Edwards.test_is_on_curve_optimized:
Constraints: 6

Edwards.test_is_on_curve:
Constraints: 7

Edwards.test_is_on_curve_optimized:
Constraints: 6

Edwards.test_multi_scalar_mul:
Constraints: 2033

Edwards.test_multi_scalar_mul_optimized:
Constraints: 763

Edwards.test_multi_scalar_mul:
Constraints: 2795

Edwards.test_multi_scalar_mul_optimized:
Constraints: 1017

Edwards.test_multi_scalar_mul:
Constraints: 3557

Edwards.test_multi_scalar_mul_optimized:
Constraints: 1271

Edwards.test_multi_scalar_mul:
Constraints: 4319

Edwards.test_multi_scalar_mul_optimized:
Constraints: 1525

Edwards.test_multi_scalar_mul:
Constraints: 5081

Edwards.test_multi_scalar_mul_optimized:
Constraints: 1779

Weierstrass.test_add:
Constraints: 4

Weierstrass.test_add_optimized:
Constraints: 2

Weierstrass.test_add:
Constraints: 4

Weierstrass.test_add_optimized:
Constraints: 2

Weierstrass.test_add:
Constraints: 4

Weierstrass.test_add_optimized:
Constraints: 2

Weierstrass.test_add:
Constraints: 4

Weierstrass.test_add_optimized:
Constraints: 2

Weierstrass.test_add:
Constraints: 4

Weierstrass.test_add_optimized:
Constraints: 2

Weierstrass.test_add:
Constraints: 4

Weierstrass.test_add_optimized:
Constraints: 2

Weierstrass.test_add:
Constraints: 4

Weierstrass.test_add_optimized:
Constraints: 2

Weierstrass.test_add:
Constraints: 4

Weierstrass.test_add_optimized:
Constraints: 2

Weierstrass.test_add:
Constraints: 4

Weierstrass.test_add_optimized:
Constraints: 2

Weierstrass.test_add:
Constraints: 4

Weierstrass.test_add_optimized:
Constraints: 2

Weierstrass.test_double:
Constraints: 10

Weierstrass.test_double_optimized:
Constraints: 8

Weierstrass.test_double:
Constraints: 10

Weierstrass.test_double_optimized:
Constraints: 8

Weierstrass.test_double:
Constraints: 10

Weierstrass.test_double_optimized:
Constraints: 8

Weierstrass.test_double:
Constraints: 10

Weierstrass.test_double_optimized:
Constraints: 8

Weierstrass.test_double:
Constraints: 10

Weierstrass.test_double_optimized:
Constraints: 8

Weierstrass.test_double:
Constraints: 10

Weierstrass.test_double_optimized:
Constraints: 8

Weierstrass.test_double:
Constraints: 10

Weierstrass.test_double_optimized:
Constraints: 8

Weierstrass.test_double:
Constraints: 10

Weierstrass.test_double_optimized:
Constraints: 8

Weierstrass.test_double:
Constraints: 10

Weierstrass.test_double_optimized:
Constraints: 8

Weierstrass.test_double:
Constraints: 10

Weierstrass.test_double_optimized:
Constraints: 8

Weierstrass.test_scalar_mul:
Constraints: 4067

Weierstrass.test_scalar_mul_optimized:
Constraints: 3810

Weierstrass.test_scalar_mul:
Constraints: 4067

Weierstrass.test_scalar_mul_optimized:
Constraints: 3810

Weierstrass.is_on_curve_circuit:
Constraints: 4

Weierstrass.is_on_curve_circuit_optimized:
Constraints: 4

Weierstrass.is_on_curve_circuit:
Constraints: 4

Weierstrass.is_on_curve_circuit_optimized:
Constraints: 4

Weierstrass.is_on_curve_circuit:
Constraints: 4

Weierstrass.is_on_curve_circuit_optimized:
Constraints: 4

Weierstrass.is_on_curve_circuit:
Constraints: 4

Weierstrass.is_on_curve_circuit_optimized:
Constraints: 4

Weierstrass.is_on_curve_circuit:
Constraints: 4

Weierstrass.is_on_curve_circuit_optimized:
Constraints: 4

Weierstrass.is_on_curve_circuit:
Constraints: 4

Weierstrass.is_on_curve_circuit_optimized:
Constraints: 4

Weierstrass.is_on_curve_circuit:
Constraints: 4

Weierstrass.is_on_curve_circuit_optimized:
Constraints: 4

Weierstrass.is_on_curve_circuit:
Constraints: 4

Weierstrass.is_on_curve_circuit_optimized:
Constraints: 4

Weierstrass.is_on_curve_circuit:
Constraints: 4

Weierstrass.is_on_curve_circuit_optimized:
Constraints: 4

Weierstrass.is_on_curve_circuit:
Constraints: 4

Weierstrass.is_on_curve_circuit_optimized:
Constraints: 4

Bool.test_bor_lookup:
Constraints: 7

Bool.test_bor_lookup_optimized:
Constraints: 4

Bool.test_bor_lookup:
Constraints: 7

Bool.test_bor_lookup_optimized:
Constraints: 4

Bool.test_bor_lookup:
Constraints: 7

Bool.test_bor_lookup_optimized:
Constraints: 4

Bool.test_bor_lookup:
Constraints: 7

Bool.test_bor_lookup_optimized:
Constraints: 4

Optimizer.test_long_sum:
Constraints: 100

Optimizer.test_long_sum_optimized:
Constraints: 25

Optimizer.test_long_sum:
Constraints: 500

Optimizer.test_long_sum_optimized:
Constraints: 125

Optimizer.test_poseidon_rounds:
Constraints: 11

Optimizer.test_poseidon_rounds_optimized:
Constraints: 4

Optimizer.test_ecc_ed_cond_add:
Constraints: 12

Optimizer.test_ecc_ed_cond_add_optimized:
Constraints: 5

Encoding.test_foo:
Constraints: 8

Encoding.test_foo_optimized:
Constraints: 6

Encoding.test_assertion:
Constraints: 4

Encoding.test_assertion_optimized:
Constraints: 2

