Num.test_add:
Constraints: 2

Num.test_add_optimized:
Constraints: 1

Num.test_add:
Proof size: 1.93 KB
Proof hash: 86d8b4229d0237be4c01ec373c03416fa1b419ed15ce2aad26c6ec5abc29f2e2
Prover_pp hash: 829dbf48ea0840e27ee2aeea50565b3d3bc90a1ff9bbb67870d1fe06c0b5665d
Verifier_pp hash: fc04bca77bb432d2fbb57d4a7ab0afd2653548bb1d922b8e4b6794130871ee9d

Num.test_add:
Constraints: 2

Num.test_add_optimized:
Constraints: 1

Num.test_add:
Proof size: 1.93 KB
Proof hash: 22bf2e9a805bc0761345e1558f05403d90afee0c84744762df088de98c27b516
Prover_pp hash: 829dbf48ea0840e27ee2aeea50565b3d3bc90a1ff9bbb67870d1fe06c0b5665d
Verifier_pp hash: fc04bca77bb432d2fbb57d4a7ab0afd2653548bb1d922b8e4b6794130871ee9d

Num.test_add_constant:
Constraints: 2

Num.test_add_constant_optimized:
Constraints: 1

Num.test_add_constant:
Proof size: 2.14 KB
Proof hash: 9cbc92e6fa152d78d3a6c18507d5128a39628276f810afa61e6a4fd626c9a236
Prover_pp hash: 5b85b2aff8ce4e2bd180077b78df5aff738c213cc877bb5793f51fc77cbe96a7
Verifier_pp hash: 5eeec079b568ac64050aa2c7f8135083263101de45d16692924ae172459be4a0

Num.test_add_constant:
Constraints: 2

Num.test_add_constant_optimized:
Constraints: 1

Num.test_add_constant:
Proof size: 2.08 KB
Proof hash: 2d0075e2ee02a2e4c8670e62bfeaf6c37c5506db2d540373b2e29882e7fdd3ad
Prover_pp hash: e5616a8721e1a7d4564ca41d9ae4183d34205ccbd90050ad8e119603815e373c
Verifier_pp hash: 50f43591d22c8c04597c55452ad86ed622d24c4d2a73877b475168dc74965d88

Num.test_sub:
Constraints: 2

Num.test_sub_optimized:
Constraints: 1

Num.test_sub:
Proof size: 1.93 KB
Proof hash: 3e088596a49cd72a93b99ace3a00e13da0d2d56703201b641a294f94591c59f7
Prover_pp hash: 250005de1947f9f491643ac7174c4e83b8682b2d4173ed0a97f6d1080cb3404b
Verifier_pp hash: 76f1e2a277a07ea4f17b87ea343bfa8f7cc031cc295772e88e3a4f1b35232943

Num.test_sub:
Constraints: 2

Num.test_sub_optimized:
Constraints: 1

Num.test_sub:
Proof size: 1.93 KB
Proof hash: 1c089761af3dd6f03c70e88dab7ff780c362cca402b3defbc1209d22cc23adda
Prover_pp hash: 250005de1947f9f491643ac7174c4e83b8682b2d4173ed0a97f6d1080cb3404b
Verifier_pp hash: 76f1e2a277a07ea4f17b87ea343bfa8f7cc031cc295772e88e3a4f1b35232943

Num.test_mul:
Constraints: 2

Num.test_mul_optimized:
Constraints: 1

Num.test_mul:
Proof size: 1.92 KB
Proof hash: 0ce203c7b24c89756bee1490aa805a598b76ce6640c8d6249f321a21b0ac62ef
Prover_pp hash: bd9581ccb8ebfeb9aa7873403e98067762114d7644821c3dbd12e876612d4501
Verifier_pp hash: de1a72c75c5bb96608d25a493573b93873bd70298902589f90e5b24bba25482e

Num.test_mul:
Constraints: 2

Num.test_mul_optimized:
Constraints: 1

Num.test_mul:
Proof size: 1.92 KB
Proof hash: 99f7c3140e3ec74f76394bfec18ad6d66b4346dad1911e0b0dd18ec3c3710232
Prover_pp hash: bd9581ccb8ebfeb9aa7873403e98067762114d7644821c3dbd12e876612d4501
Verifier_pp hash: de1a72c75c5bb96608d25a493573b93873bd70298902589f90e5b24bba25482e

Num.test_mul:
Constraints: 2

Num.test_mul_optimized:
Constraints: 1

Num.test_mul:
Proof size: 1.92 KB
Proof hash: 321bf51f1544f3686490293b0e4ab403fdd1af7fba9972fbff6628be6dfd0987
Prover_pp hash: bd9581ccb8ebfeb9aa7873403e98067762114d7644821c3dbd12e876612d4501
Verifier_pp hash: de1a72c75c5bb96608d25a493573b93873bd70298902589f90e5b24bba25482e

Num.test_num:
Constraints: 6

Num.test_num_optimized:
Constraints: 5

Num.test_num:
Proof size: 2.02 KB
Proof hash: bf1a468ed135c8b10afa9e1d0febe1bc49db7a894f40e271425c75147f23e52c
Prover_pp hash: 4f4e553d4340c0ec6934786fd436d4d3572605e348549961e642d1cbc3b198af
Verifier_pp hash: 514967d6a05cc7f628207407380f5328739d8569c5b0fc186147de008b3ecd47

Num.test_div:
Constraints: 3

Num.test_div_optimized:
Constraints: 2

Num.test_div:
Proof size: 1.97 KB
Proof hash: 476db86c0efda70660a956dbb3e45e72fb59115cc0020aa9f7e370984e812daf
Prover_pp hash: a98a6551f5a1292b558f69353f08c32996ce634babc75b9e03280536e88fe314
Verifier_pp hash: e3fb1989e6f78c5d6010315a31fef7567c3735013f3b83aac3ee2506f272ee26

pow5:
Constraints: 2

pow5_optimized:
Constraints: 1

pow5:
Proof size: 1.74 KB
Proof hash: 9c1143bb5767291b95d8ccb23e22031481649812d711214e9764a0ceee985fc4
Prover_pp hash: 3aa6d424f17e9bd8902ba2a44520765ed945f4b82222a0ce4c999f5326c82898
Verifier_pp hash: 43250b0c4574bd9413050499e34f905cc4905f078168be2e5cdf7fe3654112b6

test:
Constraints: 2

test_optimized:
Constraints: 1

test:
Proof size: 1.74 KB
Proof hash: 9615db6d2dcab4dba8a9fdd768cc601967a87fdc4ba099328d8752614e3179f6
Prover_pp hash: 8e7cf58912cfc2a73e84cf7f5f49d02ef0b5f3b3a7a454d7eb7a63dc00b656c5
Verifier_pp hash: f08c178cfc8255516e281134057524c630507af65cc2a516084d41e45a9c11c0

test:
Constraints: 2

test_optimized:
Constraints: 1

test:
Proof size: 1.74 KB
Proof hash: 583c4219d57c65ce15acf36471df5138ad44b46b34b82349e98d823137c7988f
Prover_pp hash: 8e7cf58912cfc2a73e84cf7f5f49d02ef0b5f3b3a7a454d7eb7a63dc00b656c5
Verifier_pp hash: f08c178cfc8255516e281134057524c630507af65cc2a516084d41e45a9c11c0

test:
Constraints: 2

test_optimized:
Constraints: 1

test:
Proof size: 1.74 KB
Proof hash: 5b3cf7afe3b0d38da913c2042b5edf039c535ab1582a0918b5e8ea3d2722535b
Prover_pp hash: 8e7cf58912cfc2a73e84cf7f5f49d02ef0b5f3b3a7a454d7eb7a63dc00b656c5
Verifier_pp hash: f08c178cfc8255516e281134057524c630507af65cc2a516084d41e45a9c11c0

pow:
Constraints: 6

pow_optimized:
Constraints: 4

pow:
Proof size: 1.84 KB
Proof hash: 862b74ebde951df310695ed12ed5dbadf435608904f3615c4cfd9097fa5d79ce
Prover_pp hash: eb9ccfb451d78ae0fda59d67fa1edc7cce371554ee118fa2e0d58172c629950f
Verifier_pp hash: f477ab6ba3c8e67f93b15962d9929820e936d937e82ded1db189b7ed7587bd5f

pow:
Constraints: 6

pow_optimized:
Constraints: 4

pow:
Proof size: 1.84 KB
Proof hash: a785cf6b34cf2945a5ead43d6ad9807061a8a4d0736822ec55795fb646ed44cf
Prover_pp hash: eb9ccfb451d78ae0fda59d67fa1edc7cce371554ee118fa2e0d58172c629950f
Verifier_pp hash: f477ab6ba3c8e67f93b15962d9929820e936d937e82ded1db189b7ed7587bd5f

pow:
Constraints: 10

pow_optimized:
Constraints: 7

pow:
Proof size: 1.84 KB
Proof hash: 215d56680174195eb96aad50ac6d28f11aae3b48604de5d79346ddb617a6ff8f
Prover_pp hash: 1234c3f74d4b1eb44b2d3aa0253a97deb4e420e52709568d2df4829599f62bfa
Verifier_pp hash: f234d5029bf0fc8f466afcf6c8ffcb6f644295a80482a834b99fbb36d4c48fd7

pow:
Constraints: 10

pow_optimized:
Constraints: 7

pow:
Proof size: 1.84 KB
Proof hash: 2cceb13f708f35ab8bb019a5c346013cabfacf46fe2b7d8e83015c317a027af9
Prover_pp hash: 1234c3f74d4b1eb44b2d3aa0253a97deb4e420e52709568d2df4829599f62bfa
Verifier_pp hash: f234d5029bf0fc8f466afcf6c8ffcb6f644295a80482a834b99fbb36d4c48fd7

pow:
Constraints: 18

pow_optimized:
Constraints: 13

pow:
Proof size: 1.84 KB
Proof hash: 8bccc5836111bd6c9da3974dc39814298297da97cb936f7ec9ea912a6797bc70
Prover_pp hash: a2e00de87002c76eeae213e32a7a2dd6d15e572fc0da0ea315eef8cfa7428d16
Verifier_pp hash: 379b96475bddc4b499229811d2121a5b5047eca4d69ca91de3d7eb9bdef1f4a0

pow:
Constraints: 26

pow_optimized:
Constraints: 19

pow:
Proof size: 1.84 KB
Proof hash: cc63d23cb7c3b6a30081b9f5160cf593d201bb797020c493eb3ef7071ca11c49
Prover_pp hash: de5d15e2fcf0f513ecdb870f8d7631fa1786d360fdfda18e13ac4b1e48688988
Verifier_pp hash: 12d99decd5ad5c3b993f3f14d334a44e28efba2470e94ffe5a4a4ba798ccacc9

pow:
Constraints: 14

pow_optimized:
Constraints: 10

pow:
Proof size: 1.84 KB
Proof hash: d4b4224324c720571124eef00d671adc6594585352c114e1e690a3330c0a2b82
Prover_pp hash: b136003de2da1dbf642c6e374bf640f35bb5ee697dfb3064a9c37f365c23ef4c
Verifier_pp hash: 667487f7f3d66d0c09f80d362b44a4f7028f96849ad390ae5d9d2ef8e0e70757

Num.test_equal:
Constraints: 1

Num.test_equal_optimized:
Constraints: 1

Num.test_equal:
Proof size: 1.92 KB
Proof hash: 2151964191ad1f8c294bb4dd9444060ebf57ced2b0982d33f39c126be3900810
Prover_pp hash: db9b7f9c1f0e6f5d9449e304568a4717519dda666ecb0a3fb5e4332d9ecbdbe9
Verifier_pp hash: a5b55f8dcf007e8e7ffe55c2adf11a525241fcb97e04ec940247d9d2d28389c1

Num.bits_of_scalar:
Constraints: 15

Num.bits_of_scalar_optimized:
Constraints: 6

Num.bits_of_scalar:
Proof size: 2.34 KB
Proof hash: 0f2bb8527e46db7ba3a712f0c96ddb36b46c8eafd21662cc06f67d687caa75d1
Prover_pp hash: eac4ed9011d0ae87beb170a440510883459668a32718cf5f71f7376a893f02d4
Verifier_pp hash: af29afe42b2bfb623bed0707ea35b372e095b65c03ddaf05d5c8081eb24544c6

Num.bits_of_scalar:
Constraints: 15

Num.bits_of_scalar_optimized:
Constraints: 6

Num.bits_of_scalar:
Proof size: 2.34 KB
Proof hash: 7c0b5d3007b0e32974967a21ca98478169307d26c3642cacade69c309507077b
Prover_pp hash: c2e69750fb5b858e305ffc191b3ac1348ee3414ae1aa392d1bef2f9b9ddc20c0
Verifier_pp hash: b5277a4cdb5ec2e6c45ebe418344a605a8242381b4a8f4f01a301f408931782a

Num.is_upper_bounded:
Constraints: 8

Num.is_upper_bounded_optimized:
Constraints: 4

Num.is_upper_bounded:
Proof size: 2.28 KB
Proof hash: 4d102bc496e7d1feb5e481684e272707db39514e1f09e15a65aa9a67cb6f1044
Prover_pp hash: 22cd3d01ec089963b6866af7df1cab2a7668034e1088a6130e6edba42d7ffa71
Verifier_pp hash: 86d179a85a7c4c31c4a643f622e62842601bcc175de0f77624636947d9a73b56

Num.is_upper_bounded:
Constraints: 14

Num.is_upper_bounded_optimized:
Constraints: 8

Num.is_upper_bounded:
Proof size: 2.34 KB
Proof hash: 5dc33e3aa6b88b3b43b36326617530a786581645ef667108875dcae9b69e1dd0
Prover_pp hash: 134b0eb6f68b77e3aec65acfad88749c482a3ea6f53d28f5c1a8a7b502614ff4
Verifier_pp hash: 13331dbaffd43a8f87eba5b3b74b8c21c6d2f80f6bf9539d5205931e16b04382

Num.is_upper_bounded:
Constraints: 26

Num.is_upper_bounded_optimized:
Constraints: 12

Num.is_upper_bounded:
Proof size: 2.91 KB
Proof hash: c1cc4cf5a14afef7d43582bff115ffa831cc1be0a5216f60c85e057b8b9e6c9a
Prover_pp hash: 41bd65cb90acb5df75da2911376e1a31c22b6acb8b493bb0f4bdd8601fa86b91
Verifier_pp hash: 6e6400c05b4821e0405e8f0e2f01d012d0c645837430b8c9ad4065a22e4b4144

Num.is_upper_bounded:
Constraints: 738

Num.is_upper_bounded_optimized:
Constraints: 307

Num.is_upper_bounded:
Proof size: 3.14 KB
Proof hash: 495f330d02e203619d40924623f9b5efc9b843ef45f75b188d92e0d307439a4a
Prover_pp hash: ad3bb1ba2a9e45a1156d6365ac6a4fd2161ae25d73fadf00d4222d1897567b56
Verifier_pp hash: ea78e16e9ac432f1cc67f6142413bfc45dee43608b2d660d1b5ad5d6a9d35072

Num.is_upper_bounded:
Constraints: 8

Num.is_upper_bounded_optimized:
Constraints: 4

Num.is_upper_bounded:
Proof size: 2.28 KB
Proof hash: 4d102bc496e7d1feb5e481684e272707db39514e1f09e15a65aa9a67cb6f1044
Prover_pp hash: 22cd3d01ec089963b6866af7df1cab2a7668034e1088a6130e6edba42d7ffa71
Verifier_pp hash: 86d179a85a7c4c31c4a643f622e62842601bcc175de0f77624636947d9a73b56

Num.is_upper_bounded:
Constraints: 735

Num.is_upper_bounded_optimized:
Constraints: 304

Num.is_upper_bounded:
Proof size: 3.14 KB
Proof hash: 441322357dc28f289750084ac6f65c12d46758925c761bfd667bb180d73a51b1
Prover_pp hash: e46034271e99079c9566c89bad37fd2ef13ccac9999cfeb6b74e6505a8db3579
Verifier_pp hash: c3049d6e8641c0741142660befc3902d1efa706419f92b7ae665b68fa8011ad4

Num.is_upper_bounded:
Constraints: 765

Num.is_upper_bounded_optimized:
Constraints: 307

Num.is_upper_bounded:
Proof size: 3.14 KB
Proof hash: b38e4bf1596a003636865054f50153ecd05d032bea07a30d50274d6a93c41e61
Prover_pp hash: db308cf45624e61e6b93962a3e9c96628cea22a621a662137fec37708c3469de
Verifier_pp hash: 47037c230682b850d4cf37dea95bb6bbab8a57998e2440f3dce5466c9ee28b97

Num.is_upper_bounded:
Constraints: 765

Num.is_upper_bounded_optimized:
Constraints: 307

Num.is_upper_bounded:
Proof size: 3.14 KB
Proof hash: e4312564f809ff04367759bc0c3ab4c64f3e0ee327393dbc6d2ccf85ad504286
Prover_pp hash: dea01386ce2ff7481f8edcba0670b8ad88251051b0ad4848a4405cf33b0ef3b2
Verifier_pp hash: de25a7c54d07cddb4578d767857f34b4e6feaaf1306634d471209f8c9691a155

Num.is_upper_bounded:
Constraints: 767

Num.is_upper_bounded_optimized:
Constraints: 307

Num.is_upper_bounded:
Proof size: 3.14 KB
Proof hash: 616da3cb82acf803a7edcc1cad3307a46acabd6868cd07e2a520331a7deb0a8c
Prover_pp hash: 90bf57dd438c75cb27791bd546596a94cd251ec585723e525b4bc606d607bf4e
Verifier_pp hash: 7f4266b5f8d6ab47856dfea9476717c75ac3fffd83977a5cecf2c97b0a18d9f2

Num.is_upper_bounded:
Constraints: 735

Num.is_upper_bounded_optimized:
Constraints: 304

Num.is_upper_bounded:
Proof size: 3.14 KB
Proof hash: 441322357dc28f289750084ac6f65c12d46758925c761bfd667bb180d73a51b1
Prover_pp hash: e46034271e99079c9566c89bad37fd2ef13ccac9999cfeb6b74e6505a8db3579
Verifier_pp hash: c3049d6e8641c0741142660befc3902d1efa706419f92b7ae665b68fa8011ad4

Num.is_upper_bounded_totality:
Constraints: 764

Num.is_upper_bounded_totality_optimized:
Constraints: 306

Num.is_upper_bounded_totality:
Proof size: 3.51 KB
Proof hash: e21cc24139b8b1298ab310e928b9bb52a9343052b1768e41f800b2833ad3c609
Prover_pp hash: 4dcbe95fffa8b4aa75e95019efa23971204bb8f2a35f6f76b8ab545e012eca21
Verifier_pp hash: 5c27cebf0dec4c7dba6a218485dc5832e290ff2e3fc2d28830ebd7dc4f535417

Num.is_upper_bounded_totality:
Constraints: 734

Num.is_upper_bounded_totality_optimized:
Constraints: 303

Num.is_upper_bounded_totality:
Proof size: 3.51 KB
Proof hash: 16f3f69538bd43d26b9dde0f9fa6aec85e8bb54a4252877b153d7f4d0cad0e58
Prover_pp hash: 724530e535f045d5a83899876fc57db2b7dea1a80e2c38d648743545c0ecb25e
Verifier_pp hash: c8f5595a8b515ed265a6738b400c6a09939aed42736afdc95de8d173e76952f0

Num.is_upper_bounded_totality:
Constraints: 766

Num.is_upper_bounded_totality_optimized:
Constraints: 306

Num.is_upper_bounded_totality:
Proof size: 3.51 KB
Proof hash: af7bd8db42f3a3bbabacc14df3aca3b9179bfd554cb38180a4b05eefe20d58df
Prover_pp hash: 567b5f23db2118b707df5a6393aadd5c281219bf1ddba948a5c81116a3a24e52
Verifier_pp hash: 9b162726a1dcdc45615b59381300eb8e48760722dee4f6f1ed2bd244a4237dcc

Num.geq:
Constraints: 25

Num.geq_optimized:
Constraints: 10

Num.geq:
Proof size: 2.52 KB
Proof hash: 329d0c56cae88fb50b19c2234ffe083bdbf83954416e4714a0bb329027322249
Prover_pp hash: 85f5f8d6eced126c5e6401ac113d62c0f79c78a2cda02268b6bf5f5868608c71
Verifier_pp hash: 1a09c98621d75db1ad9035eca3aac622659d53c404546f8627395aa3166b4cca

Num.geq:
Constraints: 22

Num.geq_optimized:
Constraints: 9

Num.geq:
Proof size: 2.47 KB
Proof hash: c7fde6c4c17250f727a2ee23fcc341fc9bdf9be27d4e86831e840065a633e655
Prover_pp hash: 177ef843bf7d132c8377d5b28a385903cf2d3999fec222a2799051f156ca69ab
Verifier_pp hash: ec533137c9999836f477dbd6799f332edebe79ddfcc4660e64af7a87d8ceb59f

Num.test_add:
Constraints: 2

Num.test_add_optimized:
Constraints: 1

Num.test_add:
Constraints: 2

Num.test_add_optimized:
Constraints: 1

Num.test_add_constant:
Constraints: 2

Num.test_add_constant_optimized:
Constraints: 1

Num.test_add_constant:
Constraints: 2

Num.test_add_constant_optimized:
Constraints: 1

Num.test_sub:
Constraints: 2

Num.test_sub_optimized:
Constraints: 1

Num.test_sub:
Constraints: 2

Num.test_sub_optimized:
Constraints: 1

Num.test_mul:
Constraints: 2

Num.test_mul_optimized:
Constraints: 1

Num.test_mul:
Constraints: 2

Num.test_mul_optimized:
Constraints: 1

Num.test_mul:
Constraints: 2

Num.test_mul_optimized:
Constraints: 1

Num.test_num:
Constraints: 6

Num.test_num_optimized:
Constraints: 5

Num.test_div:
Constraints: 3

Num.test_div_optimized:
Constraints: 2

pow5:
Constraints: 2

pow5_optimized:
Constraints: 1

test:
Constraints: 2

test_optimized:
Constraints: 1

test:
Constraints: 2

test_optimized:
Constraints: 1

test:
Constraints: 2

test_optimized:
Constraints: 1

pow:
Constraints: 6

pow_optimized:
Constraints: 4

pow:
Constraints: 6

pow_optimized:
Constraints: 4

pow:
Constraints: 10

pow_optimized:
Constraints: 7

pow:
Constraints: 10

pow_optimized:
Constraints: 7

pow:
Constraints: 18

pow_optimized:
Constraints: 13

pow:
Constraints: 26

pow_optimized:
Constraints: 19

pow:
Constraints: 14

pow_optimized:
Constraints: 10

Num.test_equal:
Constraints: 1

Num.test_equal_optimized:
Constraints: 1

Num.bits_of_scalar:
Constraints: 15

Num.bits_of_scalar_optimized:
Constraints: 6

Num.bits_of_scalar:
Constraints: 15

Num.bits_of_scalar_optimized:
Constraints: 6

Num.is_upper_bounded:
Constraints: 8

Num.is_upper_bounded_optimized:
Constraints: 4

Num.is_upper_bounded:
Constraints: 14

Num.is_upper_bounded_optimized:
Constraints: 8

Num.is_upper_bounded:
Constraints: 26

Num.is_upper_bounded_optimized:
Constraints: 12

Num.is_upper_bounded:
Constraints: 738

Num.is_upper_bounded_optimized:
Constraints: 307

Num.is_upper_bounded:
Constraints: 8

Num.is_upper_bounded_optimized:
Constraints: 4

Num.is_upper_bounded:
Constraints: 735

Num.is_upper_bounded_optimized:
Constraints: 304

Num.is_upper_bounded:
Constraints: 765

Num.is_upper_bounded_optimized:
Constraints: 307

Num.is_upper_bounded:
Constraints: 765

Num.is_upper_bounded_optimized:
Constraints: 307

Num.is_upper_bounded:
Constraints: 767

Num.is_upper_bounded_optimized:
Constraints: 307

Num.is_upper_bounded:
Constraints: 735

Num.is_upper_bounded_optimized:
Constraints: 304

Num.is_upper_bounded_totality:
Constraints: 764

Num.is_upper_bounded_totality_optimized:
Constraints: 306

Num.is_upper_bounded_totality:
Constraints: 734

Num.is_upper_bounded_totality_optimized:
Constraints: 303

Num.is_upper_bounded_totality:
Constraints: 766

Num.is_upper_bounded_totality_optimized:
Constraints: 306

Num.geq:
Constraints: 25

Num.geq_optimized:
Constraints: 10

Num.geq:
Constraints: 22

Num.geq_optimized:
Constraints: 9

Bool.test_assert_true_and_false:
Constraints: 2

Bool.test_assert_true_and_false_optimized:
Constraints: 1

Bool.test_assert_true_and_false:
Constraints: 2

Bool.test_assert_true_and_false_optimized:
Constraints: 1

Bool.test_equal:
Constraints: 3

Bool.test_equal_optimized:
Constraints: 2

Bool.test_is_zero:
Constraints: 4

Bool.test_is_zero_optimized:
Constraints: 3

Bool.test_is_not_zero:
Constraints: 4

Bool.test_is_not_zero_optimized:
Constraints: 3

Bool.test_assert_bool:
Constraints: 1

Bool.test_assert_bool_optimized:
Constraints: 1

Bool.test_assert_bool:
Constraints: 1

Bool.test_assert_bool_optimized:
Constraints: 1

Bool.test_band:
Constraints: 5

Bool.test_band_optimized:
Constraints: 3

Bool.test_band:
Constraints: 5

Bool.test_band_optimized:
Constraints: 3

Bool.test_band:
Constraints: 5

Bool.test_band_optimized:
Constraints: 3

Bool.test_band:
Constraints: 5

Bool.test_band_optimized:
Constraints: 3

Bool.test_xor:
Constraints: 5

Bool.test_xor_optimized:
Constraints: 3

Bool.test_xor:
Constraints: 5

Bool.test_xor_optimized:
Constraints: 3

Bool.test_xor:
Constraints: 5

Bool.test_xor_optimized:
Constraints: 3

Bool.test_xor:
Constraints: 5

Bool.test_xor_optimized:
Constraints: 3

Bool.test_bor:
Constraints: 5

Bool.test_bor_optimized:
Constraints: 3

Bool.test_bor:
Constraints: 5

Bool.test_bor_optimized:
Constraints: 3

Bool.test_bor:
Constraints: 5

Bool.test_bor_optimized:
Constraints: 3

Bool.test_bor:
Constraints: 5

Bool.test_bor_optimized:
Constraints: 3

Bool.test_bnot:
Constraints: 4

Bool.test_bnot_optimized:
Constraints: 2

Bool.test_bnot:
Constraints: 4

Bool.test_bnot_optimized:
Constraints: 2

Bool.test_ifthenelse:
Constraints: 3

Bool.test_ifthenelse_optimized:
Constraints: 1

Bool.test_ifthenelse:
Constraints: 3

Bool.test_ifthenelse_optimized:
Constraints: 1

Bool.test_ifthenelse:
Constraints: 6

Bool.test_ifthenelse_optimized:
Constraints: 4

Bool.test_ifthenelse:
Constraints: 6

Bool.test_ifthenelse_optimized:
Constraints: 4

Bool.test_ifthenelse:
Constraints: 5

Bool.test_ifthenelse_optimized:
Constraints: 2

Bool.test_ifthenelse:
Constraints: 5

Bool.test_ifthenelse_optimized:
Constraints: 2

Bool.test_ifthenelse:
Constraints: 5

Bool.test_ifthenelse_optimized:
Constraints: 2

Bool.test_ifthenelse:
Constraints: 5

Bool.test_ifthenelse_optimized:
Constraints: 2

Bool.test_swap:
Constraints: 4

Bool.test_swap_optimized:
Constraints: 1

Bool.test_swap:
Constraints: 4

Bool.test_swap_optimized:
Constraints: 1

Bool.test_swap:
Constraints: 8

Bool.test_swap_optimized:
Constraints: 5

Bool.test_swap:
Constraints: 8

Bool.test_swap_optimized:
Constraints: 5

Bool.test_swap:
Constraints: 7

Bool.test_swap_optimized:
Constraints: 2

Bool.test_swap:
Constraints: 7

Bool.test_swap_optimized:
Constraints: 2

Bool.test_swap:
Constraints: 7

Bool.test_swap_optimized:
Constraints: 2

Bool.test_swap:
Constraints: 7

Bool.test_swap_optimized:
Constraints: 2

Bool.test_full_adder:
Constraints: 12

Bool.test_full_adder_optimized:
Constraints: 9

Bool.test_full_adder:
Constraints: 12

Bool.test_full_adder_optimized:
Constraints: 9

Bool.test_full_adder:
Constraints: 12

Bool.test_full_adder_optimized:
Constraints: 9

Bool.test_full_adder:
Constraints: 12

Bool.test_full_adder_optimized:
Constraints: 9

Bool.test_full_adder:
Constraints: 12

Bool.test_full_adder_optimized:
Constraints: 9

Bool.test_full_adder:
Constraints: 12

Bool.test_full_adder_optimized:
Constraints: 9

Bool.test_full_adder:
Constraints: 12

Bool.test_full_adder_optimized:
Constraints: 9

Bool.test_full_adder:
Constraints: 12

Bool.test_full_adder_optimized:
Constraints: 9

List.test_add_list:
Constraints: 5

List.test_add_list_optimized:
Constraints: 1

List.test_add_list:
Constraints: 6

List.test_add_list_optimized:
Constraints: 1

List.test_equal:
Constraints: 2

List.test_equal_optimized:
Constraints: 2

List.test_hd:
Constraints: 1

List.test_hd_optimized:
Constraints: 1

List.test_mul_list:
Constraints: 4

List.test_mul_list_optimized:
Constraints: 3

List.test_mul_list:
Constraints: 5

List.test_mul_list_optimized:
Constraints: 4

Rest.test_full_adder:
Constraints: 12

Rest.test_full_adder_optimized:
Constraints: 9

Rest.test_full_adder:
Constraints: 12

Rest.test_full_adder_optimized:
Constraints: 9

Rest.test_full_adder:
Constraints: 12

Rest.test_full_adder_optimized:
Constraints: 9

Rest.test_full_adder:
Constraints: 12

Rest.test_full_adder_optimized:
Constraints: 9

Rest.test_full_adder:
Constraints: 12

Rest.test_full_adder_optimized:
Constraints: 9

Rest.test_full_adder:
Constraints: 12

Rest.test_full_adder_optimized:
Constraints: 9

Rest.test_full_adder:
Constraints: 12

Rest.test_full_adder_optimized:
Constraints: 9

Rest.test_full_adder:
Constraints: 12

Rest.test_full_adder_optimized:
Constraints: 9

Rest.test_scalar_of_bytes:
Constraints: 82

Rest.test_scalar_of_bytes_optimized:
Constraints: 43

Tuple.test_equal:
Constraints: 2

Tuple.test_equal_optimized:
Constraints: 2

Tuple.test_point:
Constraints: 4

Tuple.test_point_optimized:
Constraints: 2

ECC.test_weierstrass_add:
Constraints: 12

ECC.test_weierstrass_add_optimized:
Constraints: 11

ECC.test_edwards_add:
Constraints: 12

ECC.test_edwards_add_optimized:
Constraints: 11

Bytes.test_constant:
Constraints: 24

Bytes.test_constant_optimized:
Constraints: 8

Bytes.test_constant:
Constraints: 24

Bytes.test_constant_optimized:
Constraints: 8

Bytes.test_add:
Constraints: 69

Bytes.test_add_optimized:
Constraints: 53

Bytes.test_xor:
Constraints: 40

Bytes.test_xor_optimized:
Constraints: 24

Bytes.blake:
Constraints: 160

Bytes.blake_optimized:
Constraints: 96

Bytes.test_concat:
Constraints: 48

Bytes.test_concat_optimized:
Constraints: 32

Bytes.test_ifthenelse:
Constraints: 41

Bytes.test_ifthenelse_optimized:
Constraints: 32

Bytes.test_ifthenelse:
Constraints: 41

Bytes.test_ifthenelse_optimized:
Constraints: 32

Bytes.test_rotate_left:
Constraints: 24

Bytes.test_rotate_left_optimized:
Constraints: 16

Bytes.test_rotate_left:
Constraints: 24

Bytes.test_rotate_left_optimized:
Constraints: 16

Bytes.test_rotate_left:
Constraints: 24

Bytes.test_rotate_left_optimized:
Constraints: 16

Bytes.test_rotate_left:
Constraints: 24

Bytes.test_rotate_left_optimized:
Constraints: 16

Bytes.test_rotate_left:
Constraints: 24

Bytes.test_rotate_left_optimized:
Constraints: 16

Bytes.test_rotate_left:
Constraints: 24

Bytes.test_rotate_left_optimized:
Constraints: 16

Bytes.test_rotate_left:
Constraints: 24

Bytes.test_rotate_left_optimized:
Constraints: 16

Bytes.test_rotate_left:
Constraints: 24

Bytes.test_rotate_left_optimized:
Constraints: 16

Bytes.test_rotate_left:
Constraints: 24

Bytes.test_rotate_left_optimized:
Constraints: 16

Bytes.test_rotate_left:
Constraints: 48

Bytes.test_rotate_left_optimized:
Constraints: 32

Bytes.test_rotate_left:
Constraints: 48

Bytes.test_rotate_left_optimized:
Constraints: 32

Bytes.test_rotate_left:
Constraints: 48

Bytes.test_rotate_left_optimized:
Constraints: 32

Bytes.test_rotate_left:
Constraints: 48

Bytes.test_rotate_left_optimized:
Constraints: 32

Bytes.test_rotate_left:
Constraints: 48

Bytes.test_rotate_left_optimized:
Constraints: 32

Bytes.test_rotate_left:
Constraints: 48

Bytes.test_rotate_left_optimized:
Constraints: 32

Bytes.test_rotate_left:
Constraints: 48

Bytes.test_rotate_left_optimized:
Constraints: 32

Bytes.test_rotate_left:
Constraints: 48

Bytes.test_rotate_left_optimized:
Constraints: 32

Bytes.test_rotate_left:
Constraints: 48

Bytes.test_rotate_left_optimized:
Constraints: 32

Bytes.test_rotate_left:
Constraints: 48

Bytes.test_rotate_left_optimized:
Constraints: 32

Bytes.test_rotate_left:
Constraints: 48

Bytes.test_rotate_left_optimized:
Constraints: 32

Bytes.test_rotate_left:
Constraints: 72

Bytes.test_rotate_left_optimized:
Constraints: 48

Bytes.test_rotate_left:
Constraints: 72

Bytes.test_rotate_left_optimized:
Constraints: 48

Bytes.test_rotate_left:
Constraints: 72

Bytes.test_rotate_left_optimized:
Constraints: 48

Bytes.test_rotate_left:
Constraints: 72

Bytes.test_rotate_left_optimized:
Constraints: 48

Bytes.test_rotate_left:
Constraints: 72

Bytes.test_rotate_left_optimized:
Constraints: 48

Bytes.test_rotate_left:
Constraints: 72

Bytes.test_rotate_left_optimized:
Constraints: 48

Bytes.test_rotate_left:
Constraints: 72

Bytes.test_rotate_left_optimized:
Constraints: 48

Bytes.test_rotate_left:
Constraints: 72

Bytes.test_rotate_left_optimized:
Constraints: 48

Bytes.test_rotate_left:
Constraints: 72

Bytes.test_rotate_left_optimized:
Constraints: 48

Bytes.test_rotate_left:
Constraints: 72

Bytes.test_rotate_left_optimized:
Constraints: 48

Bytes.test_rotate_left:
Constraints: 72

Bytes.test_rotate_left_optimized:
Constraints: 48

Bytes.test_rotate_right:
Constraints: 24

Bytes.test_rotate_right_optimized:
Constraints: 16

Bytes.test_rotate_right:
Constraints: 24

Bytes.test_rotate_right_optimized:
Constraints: 16

Bytes.test_rotate_right:
Constraints: 24

Bytes.test_rotate_right_optimized:
Constraints: 16

Bytes.test_rotate_right:
Constraints: 24

Bytes.test_rotate_right_optimized:
Constraints: 16

Bytes.test_rotate_right:
Constraints: 24

Bytes.test_rotate_right_optimized:
Constraints: 16

Bytes.test_rotate_right:
Constraints: 24

Bytes.test_rotate_right_optimized:
Constraints: 16

Bytes.test_rotate_right:
Constraints: 24

Bytes.test_rotate_right_optimized:
Constraints: 16

Bytes.test_rotate_right:
Constraints: 24

Bytes.test_rotate_right_optimized:
Constraints: 16

Bytes.test_rotate_right:
Constraints: 24

Bytes.test_rotate_right_optimized:
Constraints: 16

Bytes.test_rotate_right:
Constraints: 48

Bytes.test_rotate_right_optimized:
Constraints: 32

Bytes.test_rotate_right:
Constraints: 48

Bytes.test_rotate_right_optimized:
Constraints: 32

Bytes.test_rotate_right:
Constraints: 48

Bytes.test_rotate_right_optimized:
Constraints: 32

Bytes.test_rotate_right:
Constraints: 48

Bytes.test_rotate_right_optimized:
Constraints: 32

Bytes.test_rotate_right:
Constraints: 48

Bytes.test_rotate_right_optimized:
Constraints: 32

Bytes.test_rotate_right:
Constraints: 48

Bytes.test_rotate_right_optimized:
Constraints: 32

Bytes.test_rotate_right:
Constraints: 48

Bytes.test_rotate_right_optimized:
Constraints: 32

Bytes.test_rotate_right:
Constraints: 48

Bytes.test_rotate_right_optimized:
Constraints: 32

Bytes.test_rotate_right:
Constraints: 48

Bytes.test_rotate_right_optimized:
Constraints: 32

Bytes.test_rotate_right:
Constraints: 48

Bytes.test_rotate_right_optimized:
Constraints: 32

Bytes.test_rotate_right:
Constraints: 48

Bytes.test_rotate_right_optimized:
Constraints: 32

Bytes.test_rotate_right:
Constraints: 72

Bytes.test_rotate_right_optimized:
Constraints: 48

Bytes.test_rotate_right:
Constraints: 72

Bytes.test_rotate_right_optimized:
Constraints: 48

Bytes.test_rotate_right:
Constraints: 72

Bytes.test_rotate_right_optimized:
Constraints: 48

Bytes.test_rotate_right:
Constraints: 72

Bytes.test_rotate_right_optimized:
Constraints: 48

Bytes.test_rotate_right:
Constraints: 72

Bytes.test_rotate_right_optimized:
Constraints: 48

Bytes.test_rotate_right:
Constraints: 72

Bytes.test_rotate_right_optimized:
Constraints: 48

Bytes.test_rotate_right:
Constraints: 72

Bytes.test_rotate_right_optimized:
Constraints: 48

Bytes.test_rotate_right:
Constraints: 72

Bytes.test_rotate_right_optimized:
Constraints: 48

Bytes.test_rotate_right:
Constraints: 72

Bytes.test_rotate_right_optimized:
Constraints: 48

Bytes.test_rotate_right:
Constraints: 72

Bytes.test_rotate_right_optimized:
Constraints: 48

Bytes.test_not:
Constraints: 32

Bytes.test_not_optimized:
Constraints: 16

Bytes.test_not:
Constraints: 32

Bytes.test_not_optimized:
Constraints: 16

Bytes.test_band:
Constraints: 40

Bytes.test_band_optimized:
Constraints: 24

Bytes.test_band:
Constraints: 40

Bytes.test_band_optimized:
Constraints: 24

Bytes.test_band:
Constraints: 40

Bytes.test_band_optimized:
Constraints: 24

Bytes.test_band:
Constraints: 40

Bytes.test_band_optimized:
Constraints: 24

Bytes.test_band:
Constraints: 40

Bytes.test_band_optimized:
Constraints: 24

Bytes.test_band:
Constraints: 40

Bytes.test_band_optimized:
Constraints: 24

Bytes.test_band:
Constraints: 40

Bytes.test_band_optimized:
Constraints: 24

Bytes.test_shift_left:
Constraints: 25

Bytes.test_shift_left_optimized:
Constraints: 16

Bytes.test_shift_left:
Constraints: 25

Bytes.test_shift_left_optimized:
Constraints: 16

Bytes.test_shift_left:
Constraints: 25

Bytes.test_shift_left_optimized:
Constraints: 16

Bytes.test_shift_left:
Constraints: 25

Bytes.test_shift_left_optimized:
Constraints: 16

Bytes.test_shift_left:
Constraints: 25

Bytes.test_shift_left_optimized:
Constraints: 16

Bytes.test_shift_left:
Constraints: 25

Bytes.test_shift_left_optimized:
Constraints: 16

Bytes.test_shift_left:
Constraints: 25

Bytes.test_shift_left_optimized:
Constraints: 16

Bytes.test_shift_left:
Constraints: 25

Bytes.test_shift_left_optimized:
Constraints: 16

Bytes.test_shift_left:
Constraints: 25

Bytes.test_shift_left_optimized:
Constraints: 16

Bytes.test_shift_right:
Constraints: 25

Bytes.test_shift_right_optimized:
Constraints: 16

Bytes.test_shift_right:
Constraints: 25

Bytes.test_shift_right_optimized:
Constraints: 16

Bytes.test_shift_right:
Constraints: 25

Bytes.test_shift_right_optimized:
Constraints: 16

Bytes.test_shift_right:
Constraints: 25

Bytes.test_shift_right_optimized:
Constraints: 16

Bytes.test_shift_right:
Constraints: 25

Bytes.test_shift_right_optimized:
Constraints: 16

Bytes.test_shift_right:
Constraints: 25

Bytes.test_shift_right_optimized:
Constraints: 16

Bytes.test_shift_right:
Constraints: 25

Bytes.test_shift_right_optimized:
Constraints: 16

Bytes.test_shift_right:
Constraints: 25

Bytes.test_shift_right_optimized:
Constraints: 16

Bytes.test_shift_right:
Constraints: 25

Bytes.test_shift_right_optimized:
Constraints: 16

Blake.test_mixing:
Constraints: 2638

Blake.test_mixing_optimized:
Constraints: 1998

Blake.test_compression:
Constraints: 87808

Blake.test_compression_optimized:
Constraints: 87264

Blake.test_blake2s:
Constraints: 174377

Blake.test_blake2s_optimized:
Constraints: 174089

Poseidon.test_poseidon:
Constraints: 273

Poseidon.test_poseidon_optimized:
Constraints: 118

Poseidon.test_poseidon:
Constraints: 804

Poseidon.test_poseidon_optimized:
Constraints: 340

Poseidon.test_poseidon.fixed_length:
Constraints: 273

Poseidon.test_poseidon.fixed_length_optimized:
Constraints: 118

Poseidon.test_poseidon.fixed_length:
Constraints: 539

Poseidon.test_poseidon.fixed_length_optimized:
Constraints: 229

Poseidon.test_poseidon:
Constraints: 975

Poseidon.test_poseidon_optimized:
Constraints: 241

Poseidon.test_poseidon:
Constraints: 1991

Poseidon.test_poseidon_optimized:
Constraints: 489

Poseidon.test_poseidon.fixed_length:
Constraints: 975

Poseidon.test_poseidon.fixed_length_optimized:
Constraints: 241

Poseidon.test_poseidon.fixed_length:
Constraints: 991

Poseidon.test_poseidon.fixed_length_optimized:
Constraints: 247

Poseidon.test_poseidon:
Constraints: 611

Poseidon.test_poseidon_optimized:
Constraints: 190

Poseidon.test_poseidon:
Constraints: 1818

Poseidon.test_poseidon_optimized:
Constraints: 556

Poseidon.test_poseidon.fixed_length:
Constraints: 611

Poseidon.test_poseidon.fixed_length_optimized:
Constraints: 190

Poseidon.test_poseidon.fixed_length:
Constraints: 1215

Poseidon.test_poseidon.fixed_length_optimized:
Constraints: 373

SHA256.test_ch:
Constraints: 72

SHA256.test_ch_optimized:
Constraints: 56

SHA256.test_maj:
Constraints: 80

SHA256.test_maj_optimized:
Constraints: 56

SHA256.test_sigma0:
Constraints: 161

SHA256.test_sigma0_optimized:
Constraints: 97

SHA256.test_sigma1:
Constraints: 161

SHA256.test_sigma1_optimized:
Constraints: 97

SHA256.test_sum0:
Constraints: 160

SHA256.test_sum0_optimized:
Constraints: 96

SHA256.test_sum1:
Constraints: 160

SHA256.test_sum1_optimized:
Constraints: 96

SHA256.test_padding:
Constraints: 1536

SHA256.test_padding_optimized:
Constraints: 536

SHA256.test_initial_hash:
Constraints: 320

SHA256.test_initial_hash_optimized:
Constraints: 32

SHA256.test_digestabc:
Constraints: 259416

SHA256.test_digestabc_optimized:
Constraints: 130136

SHA256.test_digestabcdbcdecdefdefgefghfghighijhijkijkljklmklmnlmnomnopnopq:
Constraints: 518064

SHA256.test_digestabcdbcdecdefdefgefghfghighijhijkijkljklmklmnlmnomnopnopq_optimized:
Constraints: 259344

Anemoi.test_round.valid:
Constraints: 20

Anemoi.test_round.valid_optimized:
Constraints: 18

Anemoi.test_round.valid:
Constraints: 20

Anemoi.test_round.valid_optimized:
Constraints: 18

Anemoi.test_compress.valid:
Constraints: 90

Anemoi.test_compress.valid_optimized:
Constraints: 85

Anemoi.test_compress.valid:
Constraints: 90

Anemoi.test_compress.valid_optimized:
Constraints: 85

Anemoi.test_double_round.valid:
Constraints: 21

Anemoi.test_double_round.valid_optimized:
Constraints: 19

Anemoi.test_double_round.valid:
Constraints: 21

Anemoi.test_double_round.valid_optimized:
Constraints: 19

Anemoi.test_compress_two.valid:
Constraints: 63

Anemoi.test_compress_two.valid_optimized:
Constraints: 58

Anemoi.test_compress_two.valid:
Constraints: 63

Anemoi.test_compress_two.valid_optimized:
Constraints: 58

Anemoi.test_compress.valid:
Constraints: 32

Anemoi.test_compress.valid_optimized:
Constraints: 17

Anemoi.test_compress.valid:
Constraints: 78

Anemoi.test_compress.valid_optimized:
Constraints: 39

Enum.test_switch:
Constraints: 16

Enum.test_switch_optimized:
Constraints: 12

Enum.test_switch:
Constraints: 16

Enum.test_switch_optimized:
Constraints: 12

Enum.test_switch:
Constraints: 16

Enum.test_switch_optimized:
Constraints: 12

Enum.test_switch:
Constraints: 16

Enum.test_switch_optimized:
Constraints: 12

Enum.test_switch:
Constraints: 16

Enum.test_switch_optimized:
Constraints: 12

Schnorr.test_circuit_verify:
Constraints: 2381

Schnorr.test_circuit_verify_optimized:
Constraints: 867

Merkle.test_merkle_pos:
Constraints: 1945

Merkle.test_merkle_pos_optimized:
Constraints: 479

Merkle.test_merkle_pos:
Constraints: 1945

Merkle.test_merkle_pos_optimized:
Constraints: 479

Merkle.test_merkle_pos:
Constraints: 1945

Merkle.test_merkle_pos_optimized:
Constraints: 479

Merkle.test_merkle_pos:
Constraints: 1945

Merkle.test_merkle_pos_optimized:
Constraints: 479

MerkleNarity.test_merkle_pos:
Constraints: 5030

MerkleNarity.test_merkle_pos_optimized:
Constraints: 1318

ModArith.test_mod_add:
Constraints: 5

ModArith.test_mod_add_optimized:
Constraints: 5

ModArith.test_mod_add:
Constraints: 5

ModArith.test_mod_add_optimized:
Constraints: 5

ModArith.test_mod_add:
Constraints: 5

ModArith.test_mod_add_optimized:
Constraints: 5

ModArith.test_mod_add:
Constraints: 5

ModArith.test_mod_add_optimized:
Constraints: 5

ModArith.test_mod_add:
Constraints: 5

ModArith.test_mod_add_optimized:
Constraints: 5

ModArith.test_mod_add:
Constraints: 5

ModArith.test_mod_add_optimized:
Constraints: 5

ModArith.test_mod_add:
Constraints: 5

ModArith.test_mod_add_optimized:
Constraints: 5

ModArith.test_mod_add:
Constraints: 5

ModArith.test_mod_add_optimized:
Constraints: 5

ModArith.test_mod_add:
Constraints: 5

ModArith.test_mod_add_optimized:
Constraints: 5

ModArith.test_mod_add:
Constraints: 5

ModArith.test_mod_add_optimized:
Constraints: 5

ModArith.test_mod_add:
Constraints: 11

ModArith.test_mod_add_optimized:
Constraints: 11

ModArith.test_mod_add:
Constraints: 9

ModArith.test_mod_add_optimized:
Constraints: 9

ModArith.test_mod_add:
Constraints: 9

ModArith.test_mod_add_optimized:
Constraints: 9

ModArith.test_mod_sub:
Constraints: 5

ModArith.test_mod_sub_optimized:
Constraints: 5

ModArith.test_mod_sub:
Constraints: 5

ModArith.test_mod_sub_optimized:
Constraints: 5

ModArith.test_mod_sub:
Constraints: 5

ModArith.test_mod_sub_optimized:
Constraints: 5

ModArith.test_mod_sub:
Constraints: 5

ModArith.test_mod_sub_optimized:
Constraints: 5

ModArith.test_mod_sub:
Constraints: 5

ModArith.test_mod_sub_optimized:
Constraints: 5

ModArith.test_mod_sub:
Constraints: 5

ModArith.test_mod_sub_optimized:
Constraints: 5

ModArith.test_mod_sub:
Constraints: 5

ModArith.test_mod_sub_optimized:
Constraints: 5

ModArith.test_mod_sub:
Constraints: 5

ModArith.test_mod_sub_optimized:
Constraints: 5

ModArith.test_mod_neg:
Constraints: 8

ModArith.test_mod_neg_optimized:
Constraints: 7

ModArith.test_mod_neg:
Constraints: 8

ModArith.test_mod_neg_optimized:
Constraints: 7

ModArith.test_mod_neg:
Constraints: 8

ModArith.test_mod_neg_optimized:
Constraints: 7

ModArith.test_mod_neg:
Constraints: 8

ModArith.test_mod_neg_optimized:
Constraints: 7

ModArith.test_mod_neg:
Constraints: 8

ModArith.test_mod_neg_optimized:
Constraints: 7

ModArith.test_mod_neg:
Constraints: 8

ModArith.test_mod_neg_optimized:
Constraints: 7

ModArith.test_mod_neg:
Constraints: 8

ModArith.test_mod_neg_optimized:
Constraints: 7

ModArith.test_mod_constant:
Constraints: 6

ModArith.test_mod_constant_optimized:
Constraints: 3

ModArith.test_mod_constant:
Constraints: 6

ModArith.test_mod_constant_optimized:
Constraints: 3

ModArith.test_mod_constant:
Constraints: 6

ModArith.test_mod_constant_optimized:
Constraints: 3

ModArith.test_mod_constant:
Constraints: 6

ModArith.test_mod_constant_optimized:
Constraints: 3

ModArith.test_mod_constant:
Constraints: 6

ModArith.test_mod_constant_optimized:
Constraints: 3

ModArith.test_mod_constant:
Constraints: 6

ModArith.test_mod_constant_optimized:
Constraints: 3

ModArith.test_mod_constant:
Constraints: 6

ModArith.test_mod_constant_optimized:
Constraints: 3

Edwards.test_add:
Constraints: 4

Edwards.test_add_optimized:
Constraints: 2

Edwards.test_add:
Constraints: 4

Edwards.test_add_optimized:
Constraints: 2

Edwards.test_add:
Constraints: 4

Edwards.test_add_optimized:
Constraints: 2

Edwards.test_add:
Constraints: 4

Edwards.test_add_optimized:
Constraints: 2

Edwards.test_add:
Constraints: 4

Edwards.test_add_optimized:
Constraints: 2

Edwards.test_add:
Constraints: 4

Edwards.test_add_optimized:
Constraints: 2

Edwards.test_add:
Constraints: 4

Edwards.test_add_optimized:
Constraints: 2

Edwards.test_add:
Constraints: 4

Edwards.test_add_optimized:
Constraints: 2

Edwards.test_add:
Constraints: 4

Edwards.test_add_optimized:
Constraints: 2

Edwards.test_add:
Constraints: 4

Edwards.test_add_optimized:
Constraints: 2

Edwards.test_cond_add:
Constraints: 5

Edwards.test_cond_add_optimized:
Constraints: 2

Edwards.test_cond_add:
Constraints: 5

Edwards.test_cond_add_optimized:
Constraints: 2

Edwards.test_cond_add:
Constraints: 5

Edwards.test_cond_add_optimized:
Constraints: 2

Edwards.test_cond_add:
Constraints: 5

Edwards.test_cond_add_optimized:
Constraints: 2

Edwards.test_cond_add:
Constraints: 5

Edwards.test_cond_add_optimized:
Constraints: 2

Edwards.test_cond_add:
Constraints: 5

Edwards.test_cond_add_optimized:
Constraints: 2

Edwards.test_cond_add:
Constraints: 5

Edwards.test_cond_add_optimized:
Constraints: 2

Edwards.test_scalar_mul:
Constraints: 6

Edwards.test_scalar_mul_optimized:
Constraints: 2

Edwards.test_scalar_mul:
Constraints: 6

Edwards.test_scalar_mul_optimized:
Constraints: 2

Edwards.test_scalar_mul:
Constraints: 11

Edwards.test_scalar_mul_optimized:
Constraints: 5

Edwards.test_scalar_mul:
Constraints: 1271

Edwards.test_scalar_mul_optimized:
Constraints: 509

Edwards.test_scalar_mul:
Constraints: 1271

Edwards.test_scalar_mul_optimized:
Constraints: 509

Edwards.test_scalar_mul:
Constraints: 1271

Edwards.test_scalar_mul_optimized:
Constraints: 509

Edwards.test_scalar_mul:
Constraints: 1271

Edwards.test_scalar_mul_optimized:
Constraints: 509

Edwards.test_scalar_mul:
Constraints: 1271

Edwards.test_scalar_mul_optimized:
Constraints: 509

Edwards.test_scalar_mul:
Constraints: 1271

Edwards.test_scalar_mul_optimized:
Constraints: 509

Edwards.test_scalar_mul:
Constraints: 1271

Edwards.test_scalar_mul_optimized:
Constraints: 509

Edwards.test_is_on_curve:
Constraints: 7

Edwards.test_is_on_curve_optimized:
Constraints: 6

Edwards.test_is_on_curve:
Constraints: 7

Edwards.test_is_on_curve_optimized:
Constraints: 6

Edwards.test_is_on_curve:
Constraints: 7

Edwards.test_is_on_curve_optimized:
Constraints: 6

Edwards.test_is_on_curve:
Constraints: 7

Edwards.test_is_on_curve_optimized:
Constraints: 6

Edwards.test_is_on_curve:
Constraints: 7

Edwards.test_is_on_curve_optimized:
Constraints: 6

Edwards.test_is_on_curve:
Constraints: 7

Edwards.test_is_on_curve_optimized:
Constraints: 6

Edwards.test_is_on_curve:
Constraints: 7

Edwards.test_is_on_curve_optimized:
Constraints: 6

Edwards.test_is_on_curve:
Constraints: 7

Edwards.test_is_on_curve_optimized:
Constraints: 6

Edwards.test_is_on_curve:
Constraints: 7

Edwards.test_is_on_curve_optimized:
Constraints: 6

Edwards.test_is_on_curve:
Constraints: 7

Edwards.test_is_on_curve_optimized:
Constraints: 6

Edwards.test_is_on_curve:
Constraints: 7

Edwards.test_is_on_curve_optimized:
Constraints: 6

Edwards.test_is_on_curve:
Constraints: 7

Edwards.test_is_on_curve_optimized:
Constraints: 6

Edwards.test_is_on_curve:
Constraints: 7

Edwards.test_is_on_curve_optimized:
Constraints: 6

Edwards.test_is_on_curve:
Constraints: 7

Edwards.test_is_on_curve_optimized:
Constraints: 6

Edwards.test_is_on_curve:
Constraints: 7

Edwards.test_is_on_curve_optimized:
Constraints: 6

Edwards.test_is_on_curve:
Constraints: 7

Edwards.test_is_on_curve_optimized:
Constraints: 6

Edwards.test_is_on_curve:
Constraints: 7

Edwards.test_is_on_curve_optimized:
Constraints: 6

Edwards.test_multi_scalar_mul:
Constraints: 2033

Edwards.test_multi_scalar_mul_optimized:
Constraints: 763

Edwards.test_multi_scalar_mul:
Constraints: 2795

Edwards.test_multi_scalar_mul_optimized:
Constraints: 1017

Edwards.test_multi_scalar_mul:
Constraints: 3557

Edwards.test_multi_scalar_mul_optimized:
Constraints: 1271

Edwards.test_multi_scalar_mul:
Constraints: 4319

Edwards.test_multi_scalar_mul_optimized:
Constraints: 1525

Edwards.test_multi_scalar_mul:
Constraints: 5081

Edwards.test_multi_scalar_mul_optimized:
Constraints: 1779

Weierstrass.test_add:
Constraints: 4

Weierstrass.test_add_optimized:
Constraints: 2

Weierstrass.test_add:
Constraints: 4

Weierstrass.test_add_optimized:
Constraints: 2

Weierstrass.test_add:
Constraints: 4

Weierstrass.test_add_optimized:
Constraints: 2

Weierstrass.test_add:
Constraints: 4

Weierstrass.test_add_optimized:
Constraints: 2

Weierstrass.test_add:
Constraints: 4

Weierstrass.test_add_optimized:
Constraints: 2

Weierstrass.test_add:
Constraints: 4

Weierstrass.test_add_optimized:
Constraints: 2

Weierstrass.test_add:
Constraints: 4

Weierstrass.test_add_optimized:
Constraints: 2

Weierstrass.test_add:
Constraints: 4

Weierstrass.test_add_optimized:
Constraints: 2

Weierstrass.test_add:
Constraints: 4

Weierstrass.test_add_optimized:
Constraints: 2

Weierstrass.test_add:
Constraints: 4

Weierstrass.test_add_optimized:
Constraints: 2

Weierstrass.test_double:
Constraints: 10

Weierstrass.test_double_optimized:
Constraints: 8

Weierstrass.test_double:
Constraints: 10

Weierstrass.test_double_optimized:
Constraints: 8

Weierstrass.test_double:
Constraints: 10

Weierstrass.test_double_optimized:
Constraints: 8

Weierstrass.test_double:
Constraints: 10

Weierstrass.test_double_optimized:
Constraints: 8

Weierstrass.test_double:
Constraints: 10

Weierstrass.test_double_optimized:
Constraints: 8

Weierstrass.test_double:
Constraints: 10

Weierstrass.test_double_optimized:
Constraints: 8

Weierstrass.test_double:
Constraints: 10

Weierstrass.test_double_optimized:
Constraints: 8

Weierstrass.test_double:
Constraints: 10

Weierstrass.test_double_optimized:
Constraints: 8

Weierstrass.test_double:
Constraints: 10

Weierstrass.test_double_optimized:
Constraints: 8

Weierstrass.test_double:
Constraints: 10

Weierstrass.test_double_optimized:
Constraints: 8

Weierstrass.test_scalar_mul:
Constraints: 4067

Weierstrass.test_scalar_mul_optimized:
Constraints: 3811

Weierstrass.test_scalar_mul:
Constraints: 4067

Weierstrass.test_scalar_mul_optimized:
Constraints: 3811

Weierstrass.is_on_curve_circuit:
Constraints: 4

Weierstrass.is_on_curve_circuit_optimized:
Constraints: 4

Weierstrass.is_on_curve_circuit:
Constraints: 4

Weierstrass.is_on_curve_circuit_optimized:
Constraints: 4

Weierstrass.is_on_curve_circuit:
Constraints: 4

Weierstrass.is_on_curve_circuit_optimized:
Constraints: 4

Weierstrass.is_on_curve_circuit:
Constraints: 4

Weierstrass.is_on_curve_circuit_optimized:
Constraints: 4

Weierstrass.is_on_curve_circuit:
Constraints: 4

Weierstrass.is_on_curve_circuit_optimized:
Constraints: 4

Weierstrass.is_on_curve_circuit:
Constraints: 4

Weierstrass.is_on_curve_circuit_optimized:
Constraints: 4

Weierstrass.is_on_curve_circuit:
Constraints: 4

Weierstrass.is_on_curve_circuit_optimized:
Constraints: 4

Weierstrass.is_on_curve_circuit:
Constraints: 4

Weierstrass.is_on_curve_circuit_optimized:
Constraints: 4

Weierstrass.is_on_curve_circuit:
Constraints: 4

Weierstrass.is_on_curve_circuit_optimized:
Constraints: 4

Weierstrass.is_on_curve_circuit:
Constraints: 4

Weierstrass.is_on_curve_circuit_optimized:
Constraints: 4

Bool.test_bor_lookup:
Constraints: 7

Bool.test_bor_lookup_optimized:
Constraints: 4

Bool.test_bor_lookup:
Constraints: 7

Bool.test_bor_lookup_optimized:
Constraints: 4

Bool.test_bor_lookup:
Constraints: 7

Bool.test_bor_lookup_optimized:
Constraints: 4

Bool.test_bor_lookup:
Constraints: 7

Bool.test_bor_lookup_optimized:
Constraints: 4

RC.vanilla:
Proof size: 3.37 KB
Proof hash: 80c2b254dd92772cb3651fc580758e60a4497e093726ebd2660b26d7367bac9e
Prover_pp hash: bc0bd635705b3e1929977e8107b39506111a51183167695a145820ff6472b6f1
Verifier_pp hash: 95d80e85340224257131f417d7f25fd68955fb851a713fc25b93bbf5fc2c00ee

RC.optimizer:
Proof size: 3.52 KB
Proof hash: f3a30608cbc41707630a2d8b9891707aa724777ad9c96a292620d053d14825d4
Prover_pp hash: 914a862fca709ae71522375397bafd6f06dc320f3f16d31798a95493090dd8f2
Verifier_pp hash: 1f7c68a19abfaa1f458f2df41c18f5190e654fc2f2d2fac29c268eb4faba6c71

Optimizer.test_long_sum:
Constraints: 100

Optimizer.test_long_sum_optimized:
Constraints: 20

Optimizer.test_long_sum:
Constraints: 500

Optimizer.test_long_sum_optimized:
Constraints: 100

Optimizer.test_poseidon_rounds:
Constraints: 11

Optimizer.test_poseidon_rounds_optimized:
Constraints: 4

Optimizer.test_ecc_ed_cond_add:
Constraints: 12

Optimizer.test_ecc_ed_cond_add_optimized:
Constraints: 5

Encoding.test_foo:
Constraints: 8

Encoding.test_foo_optimized:
Constraints: 6

Encoding.test_assertion:
Constraints: 4

Encoding.test_assertion_optimized:
Constraints: 2

